Archive member included to satisfy reference by file (symbol)

app/libapp.a(main.c.obj)      (--whole-archive)
zephyr/libzephyr.a(cbprintf.c.obj)
                              (--whole-archive)
zephyr/libzephyr.a(cbprintf_packaged.c.obj)
                              (--whole-archive)
zephyr/libzephyr.a(crc32c_sw.c.obj)
                              (--whole-archive)
zephyr/libzephyr.a(crc32_sw.c.obj)
                              (--whole-archive)
zephyr/libzephyr.a(crc16_sw.c.obj)
                              (--whole-archive)
zephyr/libzephyr.a(crc8_sw.c.obj)
                              (--whole-archive)
zephyr/libzephyr.a(crc7_sw.c.obj)
                              (--whole-archive)
zephyr/libzephyr.a(dec.c.obj)
                              (--whole-archive)
zephyr/libzephyr.a(fdtable.c.obj)
                              (--whole-archive)
zephyr/libzephyr.a(hex.c.obj)
                              (--whole-archive)
zephyr/libzephyr.a(notify.c.obj)
                              (--whole-archive)
zephyr/libzephyr.a(printk.c.obj)
                              (--whole-archive)
zephyr/libzephyr.a(onoff.c.obj)
                              (--whole-archive)
zephyr/libzephyr.a(rb.c.obj)  (--whole-archive)
zephyr/libzephyr.a(sem.c.obj)
                              (--whole-archive)
zephyr/libzephyr.a(thread_entry.c.obj)
                              (--whole-archive)
zephyr/libzephyr.a(timeutil.c.obj)
                              (--whole-archive)
zephyr/libzephyr.a(heap.c.obj)
                              (--whole-archive)
zephyr/libzephyr.a(heap-validate.c.obj)
                              (--whole-archive)
zephyr/libzephyr.a(bitarray.c.obj)
                              (--whole-archive)
zephyr/libzephyr.a(multi_heap.c.obj)
                              (--whole-archive)
zephyr/libzephyr.a(cbprintf_complete.c.obj)
                              (--whole-archive)
zephyr/libzephyr.a(assert.c.obj)
                              (--whole-archive)
zephyr/libzephyr.a(configs.c.obj)
                              (--whole-archive)
zephyr/libzephyr.a(soc.c.obj)
                              (--whole-archive)
zephyr/libzephyr.a(stm32cube_hal.c.obj)
                              (--whole-archive)
zephyr/libzephyr.a(soc_config.c.obj)
                              (--whole-archive)
zephyr/libzephyr.a(tracing_none.c.obj)
                              (--whole-archive)
zephyr/arch/common/libarch__common.a(sw_isr_common.c.obj)
                              (--whole-archive)
zephyr/arch/arch/arm/core/aarch32/libarch__arm__core__aarch32.a(cpu_idle.S.obj)
                              (--whole-archive)
zephyr/arch/arch/arm/core/aarch32/libarch__arm__core__aarch32.a(fatal.c.obj)
                              (--whole-archive)
zephyr/arch/arch/arm/core/aarch32/libarch__arm__core__aarch32.a(irq_manage.c.obj)
                              (--whole-archive)
zephyr/arch/arch/arm/core/aarch32/libarch__arm__core__aarch32.a(nmi.c.obj)
                              (--whole-archive)
zephyr/arch/arch/arm/core/aarch32/libarch__arm__core__aarch32.a(nmi_on_reset.S.obj)
                              (--whole-archive)
zephyr/arch/arch/arm/core/aarch32/libarch__arm__core__aarch32.a(prep_c.c.obj)
                              (--whole-archive)
zephyr/arch/arch/arm/core/aarch32/libarch__arm__core__aarch32.a(swap.c.obj)
                              (--whole-archive)
zephyr/arch/arch/arm/core/aarch32/libarch__arm__core__aarch32.a(swap_helper.S.obj)
                              (--whole-archive)
zephyr/arch/arch/arm/core/aarch32/libarch__arm__core__aarch32.a(thread.c.obj)
                              (--whole-archive)
zephyr/arch/arch/arm/core/aarch32/libarch__arm__core__aarch32.a(isr_wrapper.S.obj)
                              (--whole-archive)
zephyr/arch/arch/arm/core/aarch32/cortex_m/libarch__arm__core__aarch32__cortex_m.a(exc_exit.S.obj)
                              (--whole-archive)
zephyr/arch/arch/arm/core/aarch32/cortex_m/libarch__arm__core__aarch32__cortex_m.a(fault.c.obj)
                              (--whole-archive)
zephyr/arch/arch/arm/core/aarch32/cortex_m/libarch__arm__core__aarch32__cortex_m.a(fault_s.S.obj)
                              (--whole-archive)
zephyr/arch/arch/arm/core/aarch32/cortex_m/libarch__arm__core__aarch32__cortex_m.a(fpu.c.obj)
                              (--whole-archive)
zephyr/arch/arch/arm/core/aarch32/cortex_m/libarch__arm__core__aarch32__cortex_m.a(irq_init.c.obj)
                              (--whole-archive)
zephyr/arch/arch/arm/core/aarch32/cortex_m/libarch__arm__core__aarch32__cortex_m.a(reset.S.obj)
                              (--whole-archive)
zephyr/arch/arch/arm/core/aarch32/cortex_m/libarch__arm__core__aarch32__cortex_m.a(scb.c.obj)
                              (--whole-archive)
zephyr/arch/arch/arm/core/aarch32/cortex_m/libarch__arm__core__aarch32__cortex_m.a(thread_abort.c.obj)
                              (--whole-archive)
[...]
Memory Configuration

Name             Origin             Length             Attributes
FLASH            0x0000000008000000 0x0000000000100000 xr
SRAM             0x0000000020000000 0x0000000000050000 xw
IDT_LIST         0x00000000fffff7ff 0x0000000000000800 xw
*default*        0x0000000000000000 0xffffffffffffffff

Linker script and memory map

LOAD zephyr/CMakeFiles/zephyr_final.dir/misc/empty_file.c.obj
LOAD zephyr/CMakeFiles/zephyr_final.dir/dev_handles.c.obj
LOAD zephyr/CMakeFiles/zephyr_final.dir/isr_tables.c.obj
LOAD zephyr/CMakeFiles/offsets.dir/./arch/arm/core/offsets/offsets.c.obj
                0x0000000000000020                _region_min_align = 0x20

.rel.plt        0x0000000008000000        0x0
 *(SORT_BY_ALIGNMENT(.rel.plt))
                [!provide]                        PROVIDE (__rel_iplt_start = .)
 *(SORT_BY_ALIGNMENT(.rel.iplt))
 .rel.iplt      0x0000000008000000        0x0 zephyr/CMakeFiles/zephyr_final.dir/isr_tables.c.obj
                [!provide]                        PROVIDE (__rel_iplt_end = .)

.rela.plt       0x0000000000000000        0x0
 *(SORT_BY_ALIGNMENT(.rela.plt))
                [!provide]                        PROVIDE (__rela_iplt_start = .)
 *(SORT_BY_ALIGNMENT(.rela.iplt))
                [!provide]                        PROVIDE (__rela_iplt_end = .)

.rel.dyn
 *(SORT_BY_ALIGNMENT(.rel.*))

.rela.dyn
 *(SORT_BY_ALIGNMENT(.rela.*))

/DISCARD/
 *(SORT_BY_ALIGNMENT(.plt))
 *(SORT_BY_ALIGNMENT(.iplt))
 *(SORT_BY_ALIGNMENT(.got.plt))
 *(SORT_BY_ALIGNMENT(.igot.plt))
 *(SORT_BY_ALIGNMENT(.got))
 *(SORT_BY_ALIGNMENT(.igot))
 *(SORT_BY_ALIGNMENT(.irq_info*))
 *(SORT_BY_ALIGNMENT(.intList*))
 *(SORT_BY_ALIGNMENT(.note.GNU-stack))
                0x0000000008000000                __rom_region_start = 0x8000000

rom_start       0x0000000008000000      0x1ac
                0x0000000000000000                . = 0x0
                0x0000000000000000                . = ALIGN (0x4)
                0x0000000000000000                . = ALIGN (0x80)
                0x0000000000000000                . = ALIGN (0x200)
                0x0000000008000000                _vector_start = .
 *(SORT_BY_ALIGNMENT(.exc_vector_table))
 *(SORT_BY_ALIGNMENT(.exc_vector_table.*))
 .exc_vector_table._vector_table_section
                0x0000000008000000       0x40 zephyr/arch/arch/arm/core/aarch32/cortex_m/libarch__arm__core__aarch32__cortex_m.a(vector_table.S.obj)
                0x0000000008000000                _vector_table
 *(SORT_BY_ALIGNMENT(.gnu.linkonce.irq_vector_table*))
 .gnu.linkonce.irq_vector_table
                0x0000000008000040      0x16c zephyr/CMakeFiles/zephyr_final.dir/isr_tables.c.obj
                0x0000000008000040                _irq_vector_table
 *(SORT_BY_ALIGNMENT(.vectors))
                0x00000000080001ac                _vector_end = .

text            0x00000000080001c0     0xbd76
                0x00000000080001c0                __text_region_start = .
 *(SORT_BY_ALIGNMENT(.text))
 .text          0x00000000080001c0       0xdc F:/PROJECT/zephyr-sdk-0.14.2/arm-zephyr-eabi/arm-zephyr-eabi/lib/thumb/v7e-m/nofp\libc.a(lib_a-strlen.o)
                0x00000000080001c0                strlen
 *fill*         0x000000000800029c        0x4 
 .text          0x00000000080002a0       0xa0 F:/PROJECT/zephyr-sdk-0.14.2/arm-zephyr-eabi/arm-zephyr-eabi/lib/thumb/v7e-m/nofp\libc.a(lib_a-memchr.o)
                0x00000000080002a0                memchr
 .text          0x0000000008000340      0x378 f:/project/zephyr-sdk-0.14.2/arm-zephyr-eabi/bin/../lib/gcc/arm-zephyr-eabi/10.3.0/thumb/v7e-m/nofp\libgcc.a(_arm_addsubdf3.o)
                0x0000000008000340                __aeabi_drsub
                0x0000000008000348                __aeabi_dsub
                0x0000000008000348                __subdf3
                0x000000000800034c                __aeabi_dadd
                0x000000000800034c                __adddf3
                0x00000000080005c4                __floatunsidf
                0x00000000080005c4                __aeabi_ui2d
                0x00000000080005e4                __floatsidf
                0x00000000080005e4                __aeabi_i2d
                0x0000000008000608                __aeabi_f2d
                0x0000000008000608                __extendsfdf2
                0x000000000800064c                __floatundidf
                0x000000000800064c                __aeabi_ul2d
                0x000000000800065c                __floatdidf
                0x000000000800065c                __aeabi_l2d
 .text          0x00000000080006b8      0x424 f:/project/zephyr-sdk-0.14.2/arm-zephyr-eabi/bin/../lib/gcc/arm-zephyr-eabi/10.3.0/thumb/v7e-m/nofp\libgcc.a(_arm_muldivdf3.o)
                0x00000000080006b8                __aeabi_dmul
                0x00000000080006b8                __muldf3
                0x000000000800090c                __divdf3
                0x000000000800090c                __aeabi_ddiv
 .text          0x0000000008000adc       0x30 f:/project/zephyr-sdk-0.14.2/arm-zephyr-eabi/bin/../lib/gcc/arm-zephyr-eabi/10.3.0/thumb/v7e-m/nofp\libgcc.a(_aeabi_uldivmod.o)
                0x0000000008000adc                __aeabi_uldivmod
 .text          0x0000000008000b0c        0x4 f:/project/zephyr-sdk-0.14.2/arm-zephyr-eabi/bin/../lib/gcc/arm-zephyr-eabi/10.3.0/thumb/v7e-m/nofp\libgcc.a(_dvmd_tls.o)
                0x0000000008000b0c                __aeabi_idiv0
                0x0000000008000b0c                __aeabi_ldiv0
 .text          0x0000000008000b10      0x110 f:/project/zephyr-sdk-0.14.2/arm-zephyr-eabi/bin/../lib/gcc/arm-zephyr-eabi/10.3.0/thumb/v7e-m/nofp\libgcc.a(_arm_cmpdf2.o)
                0x0000000008000b10                __gtdf2
                0x0000000008000b10                __gedf2
                0x0000000008000b18                __ltdf2
                0x0000000008000b18                __ledf2
                0x0000000008000b20                __nedf2
                0x0000000008000b20                __eqdf2
                0x0000000008000b20                __cmpdf2
                0x0000000008000b9c                __aeabi_cdrcmple
                0x0000000008000bac                __aeabi_cdcmpeq
                0x0000000008000bac                __aeabi_cdcmple
                0x0000000008000bbc                __aeabi_dcmpeq
                0x0000000008000bd0                __aeabi_dcmplt
                0x0000000008000be4                __aeabi_dcmple
                0x0000000008000bf8                __aeabi_dcmpge
                0x0000000008000c0c                __aeabi_dcmpgt
 .text          0x0000000008000c20      0x134 F:/PROJECT/zephyr-sdk-0.14.2/arm-zephyr-eabi/arm-zephyr-eabi/lib/thumb/v7e-m/nofp\libc.a(lib_a-memcpy.o)
                0x0000000008000c20                memcpy
 .text          0x0000000008000d54       0x2c f:/project/zephyr-sdk-0.14.2/arm-zephyr-eabi/bin/../lib/gcc/arm-zephyr-eabi/10.3.0/thumb/v7e-m/nofp\libgcc.a(_arm_unorddf2.o)
                0x0000000008000d54                __unorddf2
                0x0000000008000d54                __aeabi_dcmpun
 .text          0x0000000008000d80       0x50 f:/project/zephyr-sdk-0.14.2/arm-zephyr-eabi/bin/../lib/gcc/arm-zephyr-eabi/10.3.0/thumb/v7e-m/nofp\libgcc.a(_arm_fixdfsi.o)
                0x0000000008000d80                __aeabi_d2iz
                0x0000000008000d80                __fixdfsi
 .text          0x0000000008000dd0      0x2a6 f:/project/zephyr-sdk-0.14.2/arm-zephyr-eabi/bin/../lib/gcc/arm-zephyr-eabi/10.3.0/thumb/v7e-m/nofp\libgcc.a(_udivmoddi4.o)
                0x0000000008000dd0                __udivmoddi4
 *(SORT_BY_ALIGNMENT(.text.*))
 *fill*         0x0000000008001076        0x2 
 .text.main     0x0000000008001078      0x134 app/libapp.a(main.c.obj)
                0x0000000008001078                main
 *fill*         0x00000000080011ac        0x4 
 .text.dht_measure_signal_duration.isra.0
                0x00000000080011b0       0x84 zephyr/drivers/sensor/dht/libdrivers__sensor__dht.a(dht.c.obj)
 *fill*         0x0000000008001234        0x4 
 .text._dtoa_r  0x0000000008001238      0xea4 F:/PROJECT/zephyr-sdk-0.14.2/arm-zephyr-eabi/arm-zephyr-eabi/lib/thumb/v7e-m/nofp\libc.a(lib_a-dtoa.o)
                0x0000000008001238                _dtoa_r
 .text.char_out
                0x00000000080020dc       0x10 zephyr/libzephyr.a(printk.c.obj)
 .text.__printk_hook_install
                0x00000000080020ec        0xc zephyr/libzephyr.a(printk.c.obj)
                0x00000000080020ec                __printk_hook_install
 .text.vprintk  0x00000000080020f8       0x1c zephyr/libzephyr.a(printk.c.obj)
                0x00000000080020f8                vprintk
 .text.extract_decimal
                0x0000000008002114       0x28 zephyr/libzephyr.a(cbprintf_complete.c.obj)
 .text.encode_uint
                0x000000000800213c       0x98 zephyr/libzephyr.a(cbprintf_complete.c.obj)
 .text.z_cbvprintf_impl
                0x00000000080021d4      0xcc0 zephyr/libzephyr.a(cbprintf_complete.c.obj)
                0x00000000080021d4                z_cbvprintf_impl
 .text.stm32l4_init
                0x0000000008002e94       0x2c zephyr/libzephyr.a(soc.c.obj)
 .text.z_arm_cpu_idle_init
                0x0000000008002ec0        0xc zephyr/arch/arch/arm/core/aarch32/libarch__arm__core__aarch32.a(cpu_idle.S.obj)
                0x0000000008002ec0                z_arm_cpu_idle_init
 .text.arch_cpu_idle
                0x0000000008002ecc       0x1c zephyr/arch/arch/arm/core/aarch32/libarch__arm__core__aarch32.a(cpu_idle.S.obj)
                0x0000000008002ecc                arch_cpu_idle
 .text.arch_irq_enable
                0x0000000008002ee8       0x20 zephyr/arch/arch/arm/core/aarch32/libarch__arm__core__aarch32.a(irq_manage.c.obj)
                0x0000000008002ee8                arch_irq_enable
 .text.z_arm_irq_priority_set
                0x0000000008002f08       0x30 zephyr/arch/arch/arm/core/aarch32/libarch__arm__core__aarch32.a(irq_manage.c.obj)
                0x0000000008002f08                z_arm_irq_priority_set
 .text.z_SysNmiOnReset
                0x0000000008002f38        0x8 zephyr/arch/arch/arm/core/aarch32/libarch__arm__core__aarch32.a(nmi_on_reset.S.obj)
                0x0000000008002f38                z_SysNmiOnReset
 .text.z_arm_prep_c
                0x0000000008002f40       0x48 zephyr/arch/arch/arm/core/aarch32/libarch__arm__core__aarch32.a(prep_c.c.obj)
                0x0000000008002f40                z_arm_prep_c
 .text.arch_swap
                0x0000000008002f88       0x34 zephyr/arch/arch/arm/core/aarch32/libarch__arm__core__aarch32.a(swap.c.obj)
                0x0000000008002f88                arch_swap
 .text.z_arm_pendsv
                0x0000000008002fbc       0x54 zephyr/arch/arch/arm/core/aarch32/libarch__arm__core__aarch32.a(swap_helper.S.obj)
                0x0000000008002fbc                z_arm_pendsv
 .text.z_arm_svc
                0x0000000008003010       0x20 zephyr/arch/arch/arm/core/aarch32/libarch__arm__core__aarch32.a(swap_helper.S.obj)
                0x0000000008003010                z_arm_svc
 .text.arch_new_thread
                0x0000000008003030       0x38 zephyr/arch/arch/arm/core/aarch32/libarch__arm__core__aarch32.a(thread.c.obj)
                0x0000000008003030                arch_new_thread
 .text.z_check_thread_stack_fail
                0x0000000008003068       0x2c zephyr/arch/arch/arm/core/aarch32/libarch__arm__core__aarch32.a(thread.c.obj)
                0x0000000008003068                z_check_thread_stack_fail
 .text.arch_switch_to_main_thread
                0x0000000008003094       0x2c zephyr/arch/arch/arm/core/aarch32/libarch__arm__core__aarch32.a(thread.c.obj)
                0x0000000008003094                arch_switch_to_main_thread
 .text._isr_wrapper
                0x00000000080030c0       0x28 zephyr/arch/arch/arm/core/aarch32/libarch__arm__core__aarch32.a(isr_wrapper.S.obj)
                0x00000000080030c0                _isr_wrapper
 .text._HandlerModeExit
                0x00000000080030e8       0x1c zephyr/arch/arch/arm/core/aarch32/cortex_m/libarch__arm__core__aarch32__cortex_m.a(exc_exit.S.obj)
                0x00000000080030e8                z_arm_int_exit
                0x00000000080030e8                z_arm_exc_exit
 .text.mem_manage_fault
                0x0000000008003104       0x78 zephyr/arch/arch/arm/core/aarch32/cortex_m/libarch__arm__core__aarch32__cortex_m.a(fault.c.obj)
 .text.bus_fault.constprop.0
                0x000000000800317c       0x3c zephyr/arch/arch/arm/core/aarch32/cortex_m/libarch__arm__core__aarch32__cortex_m.a(fault.c.obj)
 .text.z_arm_fault
                0x00000000080031b8      0x134 zephyr/arch/arch/arm/core/aarch32/cortex_m/libarch__arm__core__aarch32__cortex_m.a(fault.c.obj)
                0x00000000080031b8                z_arm_fault
 .text.z_arm_fault_init
                0x00000000080032ec       0x10 zephyr/arch/arch/arm/core/aarch32/cortex_m/libarch__arm__core__aarch32__cortex_m.a(fault.c.obj)
                0x00000000080032ec                z_arm_fault_init
 .text.__fault  0x00000000080032fc       0x14 zephyr/arch/arch/arm/core/aarch32/cortex_m/libarch__arm__core__aarch32__cortex_m.a(fault_s.S.obj)
                0x00000000080032fc                z_arm_usage_fault
                0x00000000080032fc                z_arm_mpu_fault
                0x00000000080032fc                z_arm_exc_spurious
                0x00000000080032fc                z_arm_debug_monitor
                0x00000000080032fc                z_arm_hard_fault
                0x00000000080032fc                z_arm_bus_fault
 .text.z_arm_interrupt_init
                0x0000000008003310       0x18 zephyr/arch/arch/arm/core/aarch32/cortex_m/libarch__arm__core__aarch32__cortex_m.a(irq_init.c.obj)
                0x0000000008003310                z_arm_interrupt_init
 .text._reset_section
                0x0000000008003328       0x2c zephyr/arch/arch/arm/core/aarch32/cortex_m/libarch__arm__core__aarch32__cortex_m.a(reset.S.obj)
                0x0000000008003328                __start
                0x0000000008003328                z_arm_reset
 .text.z_impl_k_thread_abort
                0x0000000008003354       0x2c zephyr/arch/arch/arm/core/aarch32/cortex_m/libarch__arm__core__aarch32__cortex_m.a(thread_abort.c.obj)
                0x0000000008003354                z_impl_k_thread_abort
 .text.z_arm_configure_static_mpu_regions
                0x0000000008003380       0x18 zephyr/arch/arch/arm/core/aarch32/mpu/libarch__arm__core__aarch32__mpu.a(arm_core_mpu.c.obj)
                0x0000000008003380                z_arm_configure_static_mpu_regions
 .text.z_arm_configure_dynamic_mpu_regions
                0x0000000008003398       0x20 zephyr/arch/arch/arm/core/aarch32/mpu/libarch__arm__core__aarch32__mpu.a(arm_core_mpu.c.obj)
                0x0000000008003398                z_arm_configure_dynamic_mpu_regions
 .text.mpu_configure_regions
                0x00000000080033b8       0x84 zephyr/arch/arch/arm/core/aarch32/mpu/libarch__arm__core__aarch32__mpu.a(arm_mpu.c.obj)
 .text.arm_core_mpu_enable
                0x000000000800343c       0x18 zephyr/arch/arch/arm/core/aarch32/mpu/libarch__arm__core__aarch32__mpu.a(arm_mpu.c.obj)
                0x000000000800343c                arm_core_mpu_enable
 .text.arm_core_mpu_disable
                0x0000000008003454       0x14 zephyr/arch/arch/arm/core/aarch32/mpu/libarch__arm__core__aarch32__mpu.a(arm_mpu.c.obj)
                0x0000000008003454                arm_core_mpu_disable
 .text.arm_core_mpu_configure_static_mpu_regions
                0x0000000008003468       0x14 zephyr/arch/arch/arm/core/aarch32/mpu/libarch__arm__core__aarch32__mpu.a(arm_mpu.c.obj)
                0x0000000008003468                arm_core_mpu_configure_static_mpu_regions
 .text.arm_core_mpu_configure_dynamic_mpu_regions
                0x000000000800347c       0x30 zephyr/arch/arch/arm/core/aarch32/mpu/libarch__arm__core__aarch32__mpu.a(arm_mpu.c.obj)
                0x000000000800347c                arm_core_mpu_configure_dynamic_mpu_regions
 .text.z_arm_mpu_init
                0x00000000080034ac       0x60 zephyr/arch/arch/arm/core/aarch32/mpu/libarch__arm__core__aarch32__mpu.a(arm_mpu.c.obj)
                0x00000000080034ac                z_arm_mpu_init
 .text.__stdout_hook_install
                0x000000000800350c        0xc zephyr/lib/libc/newlib/liblib__libc__newlib.a(libc-hooks.c.obj)
                0x000000000800350c                __stdout_hook_install
 .text.z_impl_zephyr_read_stdin
                0x0000000008003518       0x28 zephyr/lib/libc/newlib/liblib__libc__newlib.a(libc-hooks.c.obj)
                0x0000000008003518                z_impl_zephyr_read_stdin
 .text.z_impl_zephyr_write_stdout
                0x0000000008003540       0x30 zephyr/lib/libc/newlib/liblib__libc__newlib.a(libc-hooks.c.obj)
                0x0000000008003540                z_impl_zephyr_write_stdout
 .text._exit    0x0000000008003570       0x10 zephyr/lib/libc/newlib/liblib__libc__newlib.a(libc-hooks.c.obj)
                0x0000000008003570                _exit
 .text._sbrk    0x0000000008003580       0x28 zephyr/lib/libc/newlib/liblib__libc__newlib.a(libc-hooks.c.obj)
                0x0000000008003580                sbrk
                0x0000000008003580                _sbrk
 .text.__stm32_exti_isr.isra.0
                0x00000000080035a8       0x40 zephyr/drivers/interrupt_controller/libdrivers__interrupt_controller.a(intc_exti_stm32.c.obj)
 .text.stm32_exti_enable
                0x00000000080035e8       0x1c zephyr/drivers/interrupt_controller/libdrivers__interrupt_controller.a(intc_exti_stm32.c.obj)
                0x00000000080035e8                stm32_exti_enable
 .text.stm32_exti_disable
                0x0000000008003604       0x1c zephyr/drivers/interrupt_controller/libdrivers__interrupt_controller.a(intc_exti_stm32.c.obj)
                0x0000000008003604                stm32_exti_disable
 .text.stm32_exti_trigger
                0x0000000008003620       0x68 zephyr/drivers/interrupt_controller/libdrivers__interrupt_controller.a(intc_exti_stm32.c.obj)
                0x0000000008003620                stm32_exti_trigger
 .text.stm32_exti_set_callback
                0x0000000008003688       0x24 zephyr/drivers/interrupt_controller/libdrivers__interrupt_controller.a(intc_exti_stm32.c.obj)
                0x0000000008003688                stm32_exti_set_callback
 .text.stm32_exti_unset_callback
                0x00000000080036ac       0x14 zephyr/drivers/interrupt_controller/libdrivers__interrupt_controller.a(intc_exti_stm32.c.obj)
                0x00000000080036ac                stm32_exti_unset_callback
 .text.LL_RCC_HSI_IsReady
                0x00000000080036c0       0x10 zephyr/drivers/clock_control/libdrivers__clock_control.a(clock_stm32_ll_common.c.obj)
 .text.stm32_clock_control_configure
                0x00000000080036d0       0x3c zephyr/drivers/clock_control/libdrivers__clock_control.a(clock_stm32_ll_common.c.obj)
 .text.stm32_clock_control_get_subsys_rate
                0x000000000800370c       0x74 zephyr/drivers/clock_control/libdrivers__clock_control.a(clock_stm32_ll_common.c.obj)
 .text.stm32_clock_control_init
                0x0000000008003780       0xf8 zephyr/drivers/clock_control/libdrivers__clock_control.a(clock_stm32_ll_common.c.obj)
                0x0000000008003780                stm32_clock_control_init
 .text.config_pll_sysclock
                0x0000000008003878       0x24 zephyr/drivers/clock_control/libdrivers__clock_control.a(clock_stm32l4_l5_wb_wl.c.obj)
                0x0000000008003878                config_pll_sysclock
 .text.config_enable_default_clocks
                0x000000000800389c       0x20 zephyr/drivers/clock_control/libdrivers__clock_control.a(clock_stm32l4_l5_wb_wl.c.obj)
                0x000000000800389c                config_enable_default_clocks
 .text.uart_console_init
                0x00000000080038bc       0x30 zephyr/drivers/console/libdrivers__console.a(uart_console.c.obj)
 .text.console_out
                0x00000000080038ec       0x28 zephyr/drivers/console/libdrivers__console.a(uart_console.c.obj)
 .text.clock_control_on.constprop.0
                0x0000000008003914       0x28 zephyr/drivers/gpio/libdrivers__gpio.a(gpio_stm32.c.obj)
 .text.gpio_stm32_init
                0x000000000800393c       0x24 zephyr/drivers/gpio/libdrivers__gpio.a(gpio_stm32.c.obj)
 .text.gpio_stm32_pin_interrupt_configure
                0x0000000008003960      0x100 zephyr/drivers/gpio/libdrivers__gpio.a(gpio_stm32.c.obj)
 .text.dht_channel_get
                0x0000000008003a60       0x5c zephyr/drivers/sensor/dht/libdrivers__sensor__dht.a(dht.c.obj)
 .text.uart_stm32_set_baudrate
                0x0000000008003abc       0x74 zephyr/drivers/serial/libdrivers__serial.a(uart_stm32.c.obj)
 .text.uart_stm32_init
                0x0000000008003b30      0x110 zephyr/drivers/serial/libdrivers__serial.a(uart_stm32.c.obj)
 .text.uart_stm32_configure
                0x0000000008003c40      0x15c zephyr/drivers/serial/libdrivers__serial.a(uart_stm32.c.obj)
 .text.elapsed  0x0000000008003d9c       0x3c zephyr/drivers/timer/libdrivers__timer.a(cortex_m_systick.c.obj)
 .text.sys_clock_driver_init
                0x0000000008003dd8       0x34 zephyr/drivers/timer/libdrivers__timer.a(cortex_m_systick.c.obj)
 .text.sys_clock_isr
                0x0000000008003e0c       0x44 zephyr/drivers/timer/libdrivers__timer.a(cortex_m_systick.c.obj)
                0x0000000008003e0c                sys_clock_isr
 .text.sys_clock_set_timeout
                0x0000000008003e50       0xdc zephyr/drivers/timer/libdrivers__timer.a(cortex_m_systick.c.obj)
                0x0000000008003e50                sys_clock_set_timeout
 .text.sys_clock_elapsed
                0x0000000008003f2c       0x3c zephyr/drivers/timer/libdrivers__timer.a(cortex_m_systick.c.obj)
                0x0000000008003f2c                sys_clock_elapsed
 .text.sys_clock_cycle_get_32
                0x0000000008003f68       0x2c zephyr/drivers/timer/libdrivers__timer.a(cortex_m_systick.c.obj)
                0x0000000008003f68                sys_clock_cycle_get_32
 .text.pinctrl_configure_pins
                0x0000000008003f94       0x8c zephyr/drivers/pinctrl/libdrivers__pinctrl.a(pinctrl_stm32.c.obj)
                0x0000000008003f94                pinctrl_configure_pins
 .text.HAL_RCC_GetSysClockFreq
                0x0000000008004020       0x9c modules/stm32/stm32cube/lib..__modules__hal__stm32__stm32cube.a(stm32l4xx_hal_rcc.c.obj)
                0x0000000008004020                HAL_RCC_GetSysClockFreq
 .text.LL_SetFlashLatency
                0x00000000080040bc       0xa4 modules/stm32/stm32cube/lib..__modules__hal__stm32__stm32cube.a(stm32l4xx_ll_utils.c.obj)
                0x00000000080040bc                LL_SetFlashLatency
 .text.z_sys_init_run_level
                0x0000000008004160       0x40 zephyr/kernel/libkernel.a(device.c.obj)
                0x0000000008004160                z_sys_init_run_level
 .text.bg_thread_main
                0x00000000080041a0       0x34 zephyr/kernel/libkernel.a(init.c.obj)
 .text.z_bss_zero
                0x00000000080041d4       0x18 zephyr/kernel/libkernel.a(init.c.obj)
                0x00000000080041d4                z_bss_zero
 .text.z_init_cpu
                0x00000000080041ec       0x70 zephyr/kernel/libkernel.a(init.c.obj)
                0x00000000080041ec                z_init_cpu
 .text.z_cstart
                0x000000000800425c       0xd0 zephyr/kernel/libkernel.a(init.c.obj)
                0x000000000800425c                z_cstart
 .text.z_setup_new_thread
                0x000000000800432c       0x64 zephyr/kernel/libkernel.a(thread.c.obj)
                0x000000000800432c                z_setup_new_thread
 .text.z_init_static_threads
                0x0000000008004390       0x98 zephyr/kernel/libkernel.a(thread.c.obj)
                0x0000000008004390                z_init_static_threads
 .text.z_impl_k_mutex_lock
                0x0000000008004428       0xf0 zephyr/kernel/libkernel.a(mutex.c.obj)
                0x0000000008004428                z_impl_k_mutex_lock
 .text.z_impl_k_mutex_unlock
                0x0000000008004518       0x78 zephyr/kernel/libkernel.a(mutex.c.obj)
                0x0000000008004518                z_impl_k_mutex_unlock
 .text.z_reset_time_slice
                0x0000000008004590       0x28 zephyr/kernel/libkernel.a(sched.c.obj)
                0x0000000008004590                z_reset_time_slice
 .text.k_sched_time_slice_set
                0x00000000080045b8       0x50 zephyr/kernel/libkernel.a(sched.c.obj)
                0x00000000080045b8                k_sched_time_slice_set
 .text.z_reschedule
                0x0000000008004608       0x24 zephyr/kernel/libkernel.a(sched.c.obj)
                0x0000000008004608                z_reschedule
 .text.k_sched_lock
                0x000000000800462c       0x28 zephyr/kernel/libkernel.a(sched.c.obj)
                0x000000000800462c                k_sched_lock
 .text.update_cache
                0x0000000008004654       0x40 zephyr/kernel/libkernel.a(sched.c.obj)
 .text.move_thread_to_end_of_prio_q
                0x0000000008004694       0x74 zephyr/kernel/libkernel.a(sched.c.obj)
 .text.z_time_slice
                0x0000000008004708       0x84 zephyr/kernel/libkernel.a(sched.c.obj)
                0x0000000008004708                z_time_slice
 .text.ready_thread
                0x000000000800478c       0x6c zephyr/kernel/libkernel.a(sched.c.obj)
 .text.z_sched_start
                0x00000000080047f8       0x3c zephyr/kernel/libkernel.a(sched.c.obj)
                0x00000000080047f8                z_sched_start
 .text.unready_thread
                0x0000000008004834       0x30 zephyr/kernel/libkernel.a(sched.c.obj)
 .text.pend     0x0000000008004864       0x4c zephyr/kernel/libkernel.a(sched.c.obj)
 .text.z_pend_curr
                0x00000000080048b0       0x28 zephyr/kernel/libkernel.a(sched.c.obj)
                0x00000000080048b0                z_pend_curr
 .text.z_set_prio
                0x00000000080048d8       0x90 zephyr/kernel/libkernel.a(sched.c.obj)
                0x00000000080048d8                z_set_prio
 .text.z_impl_k_thread_suspend
                0x0000000008004968       0x64 zephyr/kernel/libkernel.a(sched.c.obj)
                0x0000000008004968                z_impl_k_thread_suspend
 .text.k_sched_unlock
                0x00000000080049cc       0x38 zephyr/kernel/libkernel.a(sched.c.obj)
                0x00000000080049cc                k_sched_unlock
 .text.z_sched_init
                0x0000000008004a04       0x18 zephyr/kernel/libkernel.a(sched.c.obj)
                0x0000000008004a04                z_sched_init
 .text.z_impl_k_yield
                0x0000000008004a1c       0x80 zephyr/kernel/libkernel.a(sched.c.obj)
                0x0000000008004a1c                z_impl_k_yield
 .text.z_tick_sleep
                0x0000000008004a9c       0x90 zephyr/kernel/libkernel.a(sched.c.obj)
 .text.z_impl_k_sleep
                0x0000000008004b2c       0x30 zephyr/kernel/libkernel.a(sched.c.obj)
                0x0000000008004b2c                z_impl_k_sleep
 .text.z_impl_z_current_get
                0x0000000008004b5c        0xc zephyr/kernel/libkernel.a(sched.c.obj)
                0x0000000008004b5c                z_impl_z_current_get
 .text.z_thread_abort
                0x0000000008004b68       0xc0 zephyr/kernel/libkernel.a(sched.c.obj)
                0x0000000008004b68                z_thread_abort
 .text.z_data_copy
                0x0000000008004c28       0x34 zephyr/kernel/libkernel.a(xip.c.obj)
                0x0000000008004c28                z_data_copy
 .text.elapsed  0x0000000008004c5c       0x14 zephyr/kernel/libkernel.a(timeout.c.obj)
 .text.next_timeout
                0x0000000008004c70       0x4c zephyr/kernel/libkernel.a(timeout.c.obj)
 .text.remove_timeout
                0x0000000008004cbc       0x34 zephyr/kernel/libkernel.a(timeout.c.obj)
 .text.z_add_timeout
                0x0000000008004cf0       0xf4 zephyr/kernel/libkernel.a(timeout.c.obj)
                0x0000000008004cf0                z_add_timeout
 .text.sys_clock_announce
                0x0000000008004de4       0xb8 zephyr/kernel/libkernel.a(timeout.c.obj)
                0x0000000008004de4                sys_clock_announce
 .text.sys_clock_tick_get
                0x0000000008004e9c       0x30 zephyr/kernel/libkernel.a(timeout.c.obj)
                0x0000000008004e9c                sys_clock_tick_get
 .text.z_impl_k_busy_wait
                0x0000000008004ecc       0x30 zephyr/kernel/libkernel.a(timeout.c.obj)
                0x0000000008004ecc                z_impl_k_busy_wait
 .text.boot_banner
                0x0000000008004efc       0x18 zephyr/kernel/libkernel.a(banner.c.obj)
                0x0000000008004efc                boot_banner
 .text.malloc   0x0000000008004f14       0x10 F:/PROJECT/zephyr-sdk-0.14.2/arm-zephyr-eabi/arm-zephyr-eabi/lib/thumb/v7e-m/nofp\libc.a(lib_a-malloc.o)
                0x0000000008004f14                malloc
 .text.free     0x0000000008004f24       0x10 F:/PROJECT/zephyr-sdk-0.14.2/arm-zephyr-eabi/arm-zephyr-eabi/lib/thumb/v7e-m/nofp\libc.a(lib_a-malloc.o)
                0x0000000008004f24                free
 .text._malloc_r
                0x0000000008004f34      0x57c F:/PROJECT/zephyr-sdk-0.14.2/arm-zephyr-eabi/arm-zephyr-eabi/lib/thumb/v7e-m/nofp\libc.a(lib_a-mallocr.o)
                0x0000000008004f34                _malloc_r
 .text.memset   0x00000000080054b0       0xa4 F:/PROJECT/zephyr-sdk-0.14.2/arm-zephyr-eabi/arm-zephyr-eabi/lib/thumb/v7e-m/nofp\libc.a(lib_a-memset.o)
                0x00000000080054b0                memset
 .text.__malloc_lock
                0x0000000008005554        0xc F:/PROJECT/zephyr-sdk-0.14.2/arm-zephyr-eabi/arm-zephyr-eabi/lib/thumb/v7e-m/nofp\libc.a(lib_a-mlock.o)
                0x0000000008005554                __malloc_lock
 .text.__malloc_unlock
                0x0000000008005560        0xc F:/PROJECT/zephyr-sdk-0.14.2/arm-zephyr-eabi/arm-zephyr-eabi/lib/thumb/v7e-m/nofp\libc.a(lib_a-mlock.o)
                0x0000000008005560                __malloc_unlock
 .text.printf   0x000000000800556c       0x28 F:/PROJECT/zephyr-sdk-0.14.2/arm-zephyr-eabi/arm-zephyr-eabi/lib/thumb/v7e-m/nofp\libc.a(lib_a-printf.o)
                0x000000000800556c                printf
 .text._sbrk_r  0x0000000008005594       0x24 F:/PROJECT/zephyr-sdk-0.14.2/arm-zephyr-eabi/arm-zephyr-eabi/lib/thumb/v7e-m/nofp\libc.a(lib_a-sbrkr.o)
                0x0000000008005594                _sbrk_r
 .text.snprintf
                0x00000000080055b8       0x88 F:/PROJECT/zephyr-sdk-0.14.2/arm-zephyr-eabi/arm-zephyr-eabi/lib/thumb/v7e-m/nofp\libc.a(lib_a-snprintf.o)
                0x00000000080055b8                snprintf
 .text.strnlen  0x0000000008005640       0x24 F:/PROJECT/zephyr-sdk-0.14.2/arm-zephyr-eabi/arm-zephyr-eabi/lib/thumb/v7e-m/nofp\libc.a(lib_a-strnlen.o)
                0x0000000008005640                strnlen
 .text._svfprintf_r
                0x0000000008005664     0x19b8 F:/PROJECT/zephyr-sdk-0.14.2/arm-zephyr-eabi/arm-zephyr-eabi/lib/thumb/v7e-m/nofp\libc.a(lib_a-svfprintf.o)
                0x0000000008005664                _svfprintf_r
 .text._vfprintf_r
                0x000000000800701c     0x1a38 F:/PROJECT/zephyr-sdk-0.14.2/arm-zephyr-eabi/arm-zephyr-eabi/lib/thumb/v7e-m/nofp\libc.a(lib_a-vfprintf.o)
                0x000000000800701c                _vfprintf_r
 .text.__sbprintf
                0x0000000008008a54       0x80 F:/PROJECT/zephyr-sdk-0.14.2/arm-zephyr-eabi/arm-zephyr-eabi/lib/thumb/v7e-m/nofp\libc.a(lib_a-vfprintf.o)
 .text.__swsetup_r
                0x0000000008008ad4       0xd4 F:/PROJECT/zephyr-sdk-0.14.2/arm-zephyr-eabi/arm-zephyr-eabi/lib/thumb/v7e-m/nofp\libc.a(lib_a-wsetup.o)
                0x0000000008008ad4                __swsetup_r
 .text.quorem   0x0000000008008ba8      0x124 F:/PROJECT/zephyr-sdk-0.14.2/arm-zephyr-eabi/arm-zephyr-eabi/lib/thumb/v7e-m/nofp\libc.a(lib_a-dtoa.o)
 .text.__sflush_r
                0x0000000008008ccc      0x11c F:/PROJECT/zephyr-sdk-0.14.2/arm-zephyr-eabi/arm-zephyr-eabi/lib/thumb/v7e-m/nofp\libc.a(lib_a-fflush.o)
                0x0000000008008ccc                __sflush_r
 .text._fflush_r
                0x0000000008008de8       0x5c F:/PROJECT/zephyr-sdk-0.14.2/arm-zephyr-eabi/arm-zephyr-eabi/lib/thumb/v7e-m/nofp\libc.a(lib_a-fflush.o)
                0x0000000008008de8                _fflush_r
 .text._cleanup_r
                0x0000000008008e44        0xc F:/PROJECT/zephyr-sdk-0.14.2/arm-zephyr-eabi/arm-zephyr-eabi/lib/thumb/v7e-m/nofp\libc.a(lib_a-findfp.o)
                0x0000000008008e44                _cleanup_r
 .text.__sinit  0x0000000008008e50      0x10c F:/PROJECT/zephyr-sdk-0.14.2/arm-zephyr-eabi/arm-zephyr-eabi/lib/thumb/v7e-m/nofp\libc.a(lib_a-findfp.o)
                0x0000000008008e50                __sinit
 .text._malloc_trim_r
                0x0000000008008f5c       0xa0 F:/PROJECT/zephyr-sdk-0.14.2/arm-zephyr-eabi/arm-zephyr-eabi/lib/thumb/v7e-m/nofp\libc.a(lib_a-freer.o)
                0x0000000008008f5c                _malloc_trim_r
 .text._free_r  0x0000000008008ffc      0x1f8 F:/PROJECT/zephyr-sdk-0.14.2/arm-zephyr-eabi/arm-zephyr-eabi/lib/thumb/v7e-m/nofp\libc.a(lib_a-freer.o)
                0x0000000008008ffc                _free_r
 .text._fwalk_reent
                0x00000000080091f4       0x48 F:/PROJECT/zephyr-sdk-0.14.2/arm-zephyr-eabi/arm-zephyr-eabi/lib/thumb/v7e-m/nofp\libc.a(lib_a-fwalk.o)
                0x00000000080091f4                _fwalk_reent
 .text._localeconv_r
                0x000000000800923c        0x8 F:/PROJECT/zephyr-sdk-0.14.2/arm-zephyr-eabi/arm-zephyr-eabi/lib/thumb/v7e-m/nofp\libc.a(lib_a-localeconv.o)
                0x000000000800923c                _localeconv_r
 .text.__smakebuf_r
                0x0000000008009244       0xc0 F:/PROJECT/zephyr-sdk-0.14.2/arm-zephyr-eabi/arm-zephyr-eabi/lib/thumb/v7e-m/nofp\libc.a(lib_a-makebuf.o)
                0x0000000008009244                __smakebuf_r
 .text._Balloc  0x0000000008009304       0x4c F:/PROJECT/zephyr-sdk-0.14.2/arm-zephyr-eabi/arm-zephyr-eabi/lib/thumb/v7e-m/nofp\libc.a(lib_a-mprec.o)
                0x0000000008009304                _Balloc
 .text._Bfree   0x0000000008009350       0x14 F:/PROJECT/zephyr-sdk-0.14.2/arm-zephyr-eabi/arm-zephyr-eabi/lib/thumb/v7e-m/nofp\libc.a(lib_a-mprec.o)
                0x0000000008009350                _Bfree
 .text.__multadd
                0x0000000008009364       0xa0 F:/PROJECT/zephyr-sdk-0.14.2/arm-zephyr-eabi/arm-zephyr-eabi/lib/thumb/v7e-m/nofp\libc.a(lib_a-mprec.o)
                0x0000000008009364                __multadd
 .text.__hi0bits
                0x0000000008009404       0x40 F:/PROJECT/zephyr-sdk-0.14.2/arm-zephyr-eabi/arm-zephyr-eabi/lib/thumb/v7e-m/nofp\libc.a(lib_a-mprec.o)
                0x0000000008009404                __hi0bits
 .text.__lo0bits
                0x0000000008009444       0x5c F:/PROJECT/zephyr-sdk-0.14.2/arm-zephyr-eabi/arm-zephyr-eabi/lib/thumb/v7e-m/nofp\libc.a(lib_a-mprec.o)
                0x0000000008009444                __lo0bits
 .text.__i2b    0x00000000080094a0       0x5c F:/PROJECT/zephyr-sdk-0.14.2/arm-zephyr-eabi/arm-zephyr-eabi/lib/thumb/v7e-m/nofp\libc.a(lib_a-mprec.o)
                0x00000000080094a0                __i2b
 .text.__multiply
                0x00000000080094fc      0x15c F:/PROJECT/zephyr-sdk-0.14.2/arm-zephyr-eabi/arm-zephyr-eabi/lib/thumb/v7e-m/nofp\libc.a(lib_a-mprec.o)
                0x00000000080094fc                __multiply
 .text.__pow5mult
                0x0000000008009658       0xc0 F:/PROJECT/zephyr-sdk-0.14.2/arm-zephyr-eabi/arm-zephyr-eabi/lib/thumb/v7e-m/nofp\libc.a(lib_a-mprec.o)
                0x0000000008009658                __pow5mult
 .text.__lshift
                0x0000000008009718       0xf0 F:/PROJECT/zephyr-sdk-0.14.2/arm-zephyr-eabi/arm-zephyr-eabi/lib/thumb/v7e-m/nofp\libc.a(lib_a-mprec.o)
                0x0000000008009718                __lshift
 .text.__mcmp   0x0000000008009808       0x40 F:/PROJECT/zephyr-sdk-0.14.2/arm-zephyr-eabi/arm-zephyr-eabi/lib/thumb/v7e-m/nofp\libc.a(lib_a-mprec.o)
                0x0000000008009808                __mcmp
 .text.__mdiff  0x0000000008009848      0x14c F:/PROJECT/zephyr-sdk-0.14.2/arm-zephyr-eabi/arm-zephyr-eabi/lib/thumb/v7e-m/nofp\libc.a(lib_a-mprec.o)
                0x0000000008009848                __mdiff
 .text.__d2b    0x0000000008009994       0xc4 F:/PROJECT/zephyr-sdk-0.14.2/arm-zephyr-eabi/arm-zephyr-eabi/lib/thumb/v7e-m/nofp\libc.a(lib_a-mprec.o)
                0x0000000008009994                __d2b
 .text.frexp    0x0000000008009a58       0x70 F:/PROJECT/zephyr-sdk-0.14.2/arm-zephyr-eabi/arm-zephyr-eabi/lib/thumb/v7e-m/nofp\libc.a(lib_a-s_frexp.o)
                0x0000000008009a58                frexp
 .text.__sread  0x0000000008009ac8       0x24 F:/PROJECT/zephyr-sdk-0.14.2/arm-zephyr-eabi/arm-zephyr-eabi/lib/thumb/v7e-m/nofp\libc.a(lib_a-stdio.o)
                0x0000000008009ac8                __sread
 .text.__swrite
                0x0000000008009aec       0x40 F:/PROJECT/zephyr-sdk-0.14.2/arm-zephyr-eabi/arm-zephyr-eabi/lib/thumb/v7e-m/nofp\libc.a(lib_a-stdio.o)
                0x0000000008009aec                __swrite
 .text.__sseek  0x0000000008009b2c       0x20 F:/PROJECT/zephyr-sdk-0.14.2/arm-zephyr-eabi/arm-zephyr-eabi/lib/thumb/v7e-m/nofp\libc.a(lib_a-stdio.o)
                0x0000000008009b2c                __sseek
 .text.__sclose
                0x0000000008009b4c        0x8 F:/PROJECT/zephyr-sdk-0.14.2/arm-zephyr-eabi/arm-zephyr-eabi/lib/thumb/v7e-m/nofp\libc.a(lib_a-stdio.o)
                0x0000000008009b4c                __sclose
 .text.strncpy  0x0000000008009b54       0x64 F:/PROJECT/zephyr-sdk-0.14.2/arm-zephyr-eabi/arm-zephyr-eabi/lib/thumb/v7e-m/nofp\libc.a(lib_a-strncpy.o)
                0x0000000008009b54                strncpy
 .text.__ssprint_r
                0x0000000008009bb8       0xf8 F:/PROJECT/zephyr-sdk-0.14.2/arm-zephyr-eabi/arm-zephyr-eabi/lib/thumb/v7e-m/nofp\libc.a(lib_a-svfiprintf.o)
                0x0000000008009bb8                __ssprint_r
 .text.__sprint_r
                0x0000000008009cb0       0x1c F:/PROJECT/zephyr-sdk-0.14.2/arm-zephyr-eabi/arm-zephyr-eabi/lib/thumb/v7e-m/nofp\libc.a(lib_a-vfiprintf.o)
                0x0000000008009cb0                __sprint_r
 .text._vfiprintf_r
                0x0000000008009ccc      0xd98 F:/PROJECT/zephyr-sdk-0.14.2/arm-zephyr-eabi/arm-zephyr-eabi/lib/thumb/v7e-m/nofp\libc.a(lib_a-vfiprintf.o)
                0x0000000008009ccc                _vfiprintf_r
 .text.__sbprintf
                0x000000000800aa64       0x80 F:/PROJECT/zephyr-sdk-0.14.2/arm-zephyr-eabi/arm-zephyr-eabi/lib/thumb/v7e-m/nofp\libc.a(lib_a-vfiprintf.o)
 .text._write_r
                0x000000000800aae4       0x2c F:/PROJECT/zephyr-sdk-0.14.2/arm-zephyr-eabi/arm-zephyr-eabi/lib/thumb/v7e-m/nofp\libc.a(lib_a-writer.o)
                0x000000000800aae4                _write_r
 .text.__assert_func
                0x000000000800ab10       0x40 F:/PROJECT/zephyr-sdk-0.14.2/arm-zephyr-eabi/arm-zephyr-eabi/lib/thumb/v7e-m/nofp\libc.a(lib_a-assert.o)
                0x000000000800ab10                __assert_func
 .text._calloc_r
                0x000000000800ab50       0x60 F:/PROJECT/zephyr-sdk-0.14.2/arm-zephyr-eabi/arm-zephyr-eabi/lib/thumb/v7e-m/nofp\libc.a(lib_a-callocr.o)
                0x000000000800ab50                _calloc_r
 .text._close_r
                0x000000000800abb0       0x24 F:/PROJECT/zephyr-sdk-0.14.2/arm-zephyr-eabi/arm-zephyr-eabi/lib/thumb/v7e-m/nofp\libc.a(lib_a-closer.o)
                0x000000000800abb0                _close_r
 .text.fiprintf
                0x000000000800abd4       0x28 F:/PROJECT/zephyr-sdk-0.14.2/arm-zephyr-eabi/arm-zephyr-eabi/lib/thumb/v7e-m/nofp\libc.a(lib_a-fiprintf.o)
                0x000000000800abd4                fiprintf
 .text._fstat_r
                0x000000000800abfc       0x2c F:/PROJECT/zephyr-sdk-0.14.2/arm-zephyr-eabi/arm-zephyr-eabi/lib/thumb/v7e-m/nofp\libc.a(lib_a-fstatr.o)
                0x000000000800abfc                _fstat_r
 .text.__sfvwrite_r
                0x000000000800ac28      0x2ec F:/PROJECT/zephyr-sdk-0.14.2/arm-zephyr-eabi/arm-zephyr-eabi/lib/thumb/v7e-m/nofp\libc.a(lib_a-fvwrite.o)
                0x000000000800ac28                __sfvwrite_r
 .text._isatty_r
                0x000000000800af14       0x24 F:/PROJECT/zephyr-sdk-0.14.2/arm-zephyr-eabi/arm-zephyr-eabi/lib/thumb/v7e-m/nofp\libc.a(lib_a-isattyr.o)
                0x000000000800af14                _isatty_r
 .text._lseek_r
                0x000000000800af38       0x2c F:/PROJECT/zephyr-sdk-0.14.2/arm-zephyr-eabi/arm-zephyr-eabi/lib/thumb/v7e-m/nofp\libc.a(lib_a-lseekr.o)
                0x000000000800af38                _lseek_r
 .text.__ascii_mbtowc
                0x000000000800af64       0x2c F:/PROJECT/zephyr-sdk-0.14.2/arm-zephyr-eabi/arm-zephyr-eabi/lib/thumb/v7e-m/nofp\libc.a(lib_a-mbtowc_r.o)
                0x000000000800af64                __ascii_mbtowc
 .text.memmove  0x000000000800af90       0xf8 F:/PROJECT/zephyr-sdk-0.14.2/arm-zephyr-eabi/arm-zephyr-eabi/lib/thumb/v7e-m/nofp\libc.a(lib_a-memmove.o)
                0x000000000800af90                memmove
 .text._read_r  0x000000000800b088       0x2c F:/PROJECT/zephyr-sdk-0.14.2/arm-zephyr-eabi/arm-zephyr-eabi/lib/thumb/v7e-m/nofp\libc.a(lib_a-readr.o)
                0x000000000800b088                _read_r
 .text._realloc_r
                0x000000000800b0b4      0x3dc F:/PROJECT/zephyr-sdk-0.14.2/arm-zephyr-eabi/arm-zephyr-eabi/lib/thumb/v7e-m/nofp\libc.a(lib_a-reallocr.o)
                0x000000000800b0b4                _realloc_r
 .text.__ascii_wctomb
                0x000000000800b490       0x1c F:/PROJECT/zephyr-sdk-0.14.2/arm-zephyr-eabi/arm-zephyr-eabi/lib/thumb/v7e-m/nofp\libc.a(lib_a-wctomb_r.o)
                0x000000000800b490                __ascii_wctomb
 .text.abort    0x000000000800b4ac       0x10 F:/PROJECT/zephyr-sdk-0.14.2/arm-zephyr-eabi/arm-zephyr-eabi/lib/thumb/v7e-m/nofp\libc.a(lib_a-abort.o)
                0x000000000800b4ac                abort
 .text.raise    0x000000000800b4bc       0x5c F:/PROJECT/zephyr-sdk-0.14.2/arm-zephyr-eabi/arm-zephyr-eabi/lib/thumb/v7e-m/nofp\libc.a(lib_a-signal.o)
                0x000000000800b4bc                raise
 .text._kill_r  0x000000000800b518       0x2c F:/PROJECT/zephyr-sdk-0.14.2/arm-zephyr-eabi/arm-zephyr-eabi/lib/thumb/v7e-m/nofp\libc.a(lib_a-signalr.o)
                0x000000000800b518                _kill_r
 .text._getpid_r
                0x000000000800b544        0x4 F:/PROJECT/zephyr-sdk-0.14.2/arm-zephyr-eabi/arm-zephyr-eabi/lib/thumb/v7e-m/nofp\libc.a(lib_a-signalr.o)
                0x000000000800b544                _getpid_r
 .text._OffsetAbsSyms
                0x000000000800b548        0x2 zephyr/CMakeFiles/offsets.dir/./arch/arm/core/offsets/offsets.c.obj
                0x000000000800b548                _OffsetAbsSyms
 .text.arch_printk_char_out
                0x000000000800b54a        0x4 zephyr/libzephyr.a(printk.c.obj)
                0x000000000800b54a                arch_printk_char_out
 .text.printk   0x000000000800b54e       0x1a zephyr/libzephyr.a(printk.c.obj)
                0x000000000800b54e                printk
 .text.z_thread_entry
                0x000000000800b568       0x14 zephyr/libzephyr.a(thread_entry.c.obj)
                0x000000000800b568                z_thread_entry
 .text._ldiv5   0x000000000800b57c       0x30 zephyr/libzephyr.a(cbprintf_complete.c.obj)
 .text._get_digit
                0x000000000800b5ac       0x2e zephyr/libzephyr.a(cbprintf_complete.c.obj)
 .text.outs     0x000000000800b5da       0x2c zephyr/libzephyr.a(cbprintf_complete.c.obj)
 .text._ConfigAbsSyms
                0x000000000800b606        0x2 zephyr/libzephyr.a(configs.c.obj)
                0x000000000800b606                _ConfigAbsSyms
 .text.st_stm32_common_config
                0x000000000800b608        0x4 zephyr/libzephyr.a(soc_config.c.obj)
 .text.z_arm_fatal_error
                0x000000000800b60c        0x4 zephyr/arch/arch/arm/core/aarch32/libarch__arm__core__aarch32.a(fatal.c.obj)
                0x000000000800b60c                z_arm_fatal_error
 .text.z_do_kernel_oops
                0x000000000800b610        0x8 zephyr/arch/arch/arm/core/aarch32/libarch__arm__core__aarch32.a(fatal.c.obj)
                0x000000000800b610                z_do_kernel_oops
 .text.z_irq_spurious
                0x000000000800b618        0x8 zephyr/arch/arch/arm/core/aarch32/libarch__arm__core__aarch32.a(irq_manage.c.obj)
                0x000000000800b618                z_irq_spurious
 .text.z_arm_nmi
                0x000000000800b620        0xe zephyr/arch/arch/arm/core/aarch32/libarch__arm__core__aarch32.a(nmi.c.obj)
                0x000000000800b620                z_arm_nmi
 .text.malloc_prepare
                0x000000000800b62e        0x4 zephyr/lib/libc/newlib/liblib__libc__newlib.a(libc-hooks.c.obj)
 .text._stdout_hook_default
                0x000000000800b632        0x6 zephyr/lib/libc/newlib/liblib__libc__newlib.a(libc-hooks.c.obj)
 .text._stdin_hook_default
                0x000000000800b638        0x4 zephyr/lib/libc/newlib/liblib__libc__newlib.a(libc-hooks.c.obj)
 .text._read    0x000000000800b63c        0x8 zephyr/lib/libc/newlib/liblib__libc__newlib.a(libc-hooks.c.obj)
                0x000000000800b63c                _read
                0x000000000800b63c                read
 .text._write   0x000000000800b644        0x8 zephyr/lib/libc/newlib/liblib__libc__newlib.a(libc-hooks.c.obj)
                0x000000000800b644                _write
                0x000000000800b644                write
 .text._close   0x000000000800b64c        0x6 zephyr/lib/libc/newlib/liblib__libc__newlib.a(libc-hooks.c.obj)
                0x000000000800b64c                _close
                0x000000000800b64c                close
 .text._lseek   0x000000000800b652        0x4 zephyr/lib/libc/newlib/liblib__libc__newlib.a(libc-hooks.c.obj)
                0x000000000800b652                _lseek
                0x000000000800b652                lseek
 .text._isatty  0x000000000800b656        0xa zephyr/lib/libc/newlib/liblib__libc__newlib.a(libc-hooks.c.obj)
                0x000000000800b656                _isatty
                0x000000000800b656                isatty
 .text._kill    0x000000000800b660        0x4 zephyr/lib/libc/newlib/liblib__libc__newlib.a(libc-hooks.c.obj)
                0x000000000800b660                _kill
                0x000000000800b660                kill
 .text._getpid  0x000000000800b664        0x4 zephyr/lib/libc/newlib/liblib__libc__newlib.a(libc-hooks.c.obj)
                0x000000000800b664                getpid
                0x000000000800b664                _getpid
 .text._fstat   0x000000000800b668        0xa zephyr/lib/libc/newlib/liblib__libc__newlib.a(libc-hooks.c.obj)
                0x000000000800b668                fstat
                0x000000000800b668                _fstat
 .text.__retarget_lock_init_recursive
                0x000000000800b672       0x14 zephyr/lib/libc/newlib/liblib__libc__newlib.a(libc-hooks.c.obj)
                0x000000000800b672                __retarget_lock_init_recursive
 .text.__retarget_lock_close_recursive
                0x000000000800b686        0x4 zephyr/lib/libc/newlib/liblib__libc__newlib.a(libc-hooks.c.obj)
                0x000000000800b686                __retarget_lock_close_recursive
 .text.__retarget_lock_acquire_recursive
                0x000000000800b68a        0xc zephyr/lib/libc/newlib/liblib__libc__newlib.a(libc-hooks.c.obj)
                0x000000000800b68a                __retarget_lock_acquire_recursive
 .text.__retarget_lock_release_recursive
                0x000000000800b696        0x4 zephyr/lib/libc/newlib/liblib__libc__newlib.a(libc-hooks.c.obj)
                0x000000000800b696                __retarget_lock_release_recursive
 .text.stm32_exti_init
                0x000000000800b69a       0x4c zephyr/drivers/interrupt_controller/libdrivers__interrupt_controller.a(intc_exti_stm32.c.obj)
 .text.__stm32_exti_isr_15_10
                0x000000000800b6e6        0xa zephyr/drivers/interrupt_controller/libdrivers__interrupt_controller.a(intc_exti_stm32.c.obj)
 .text.__stm32_exti_isr_9_5
                0x000000000800b6f0        0xa zephyr/drivers/interrupt_controller/libdrivers__interrupt_controller.a(intc_exti_stm32.c.obj)
 .text.__stm32_exti_isr_4
                0x000000000800b6fa        0xa zephyr/drivers/interrupt_controller/libdrivers__interrupt_controller.a(intc_exti_stm32.c.obj)
 .text.__stm32_exti_isr_3
                0x000000000800b704        0xa zephyr/drivers/interrupt_controller/libdrivers__interrupt_controller.a(intc_exti_stm32.c.obj)
 .text.__stm32_exti_isr_2
                0x000000000800b70e        0xa zephyr/drivers/interrupt_controller/libdrivers__interrupt_controller.a(intc_exti_stm32.c.obj)
 .text.__stm32_exti_isr_1
                0x000000000800b718        0xa zephyr/drivers/interrupt_controller/libdrivers__interrupt_controller.a(intc_exti_stm32.c.obj)
 .text.__stm32_exti_isr_0
                0x000000000800b722        0xa zephyr/drivers/interrupt_controller/libdrivers__interrupt_controller.a(intc_exti_stm32.c.obj)
 .text.stm32_clock_control_on
                0x000000000800b72c       0x24 zephyr/drivers/clock_control/libdrivers__clock_control.a(clock_stm32_ll_common.c.obj)
 .text.stm32_clock_control_off
                0x000000000800b750       0x24 zephyr/drivers/clock_control/libdrivers__clock_control.a(clock_stm32_ll_common.c.obj)
 .text.get_pllout_frequency
                0x000000000800b774        0x4 zephyr/drivers/clock_control/libdrivers__clock_control.a(clock_stm32l4_l5_wb_wl.c.obj)
                0x000000000800b774                get_pllout_frequency
 .text.gpio_stm32_port_get_raw
                0x000000000800b778        0xc zephyr/drivers/gpio/libdrivers__gpio.a(gpio_stm32.c.obj)
 .text.gpio_stm32_port_set_masked_raw
                0x000000000800b784       0x12 zephyr/drivers/gpio/libdrivers__gpio.a(gpio_stm32.c.obj)
 .text.gpio_stm32_port_set_bits_raw
                0x000000000800b796        0xa zephyr/drivers/gpio/libdrivers__gpio.a(gpio_stm32.c.obj)
 .text.gpio_stm32_port_clear_bits_raw
                0x000000000800b7a0        0xa zephyr/drivers/gpio/libdrivers__gpio.a(gpio_stm32.c.obj)
 .text.gpio_stm32_port_toggle_bits
                0x000000000800b7aa        0xe zephyr/drivers/gpio/libdrivers__gpio.a(gpio_stm32.c.obj)
 .text.gpio_stm32_manage_callback
                0x000000000800b7b8       0x54 zephyr/drivers/gpio/libdrivers__gpio.a(gpio_stm32.c.obj)
 .text.gpio_stm32_configure_raw.isra.0
                0x000000000800b80c      0x104 zephyr/drivers/gpio/libdrivers__gpio.a(gpio_stm32.c.obj)
 .text.gpio_stm32_config
                0x000000000800b910       0x76 zephyr/drivers/gpio/libdrivers__gpio.a(gpio_stm32.c.obj)
 .text.gpio_stm32_isr
                0x000000000800b986       0x26 zephyr/drivers/gpio/libdrivers__gpio.a(gpio_stm32.c.obj)
 .text.gpio_stm32_configure
                0x000000000800b9ac       0x2a zephyr/drivers/gpio/libdrivers__gpio.a(gpio_stm32.c.obj)
                0x000000000800b9ac                gpio_stm32_configure
 .text.gpio_pin_configure_dt
                0x000000000800b9d6       0x3e zephyr/drivers/sensor/dht/libdrivers__sensor__dht.a(dht.c.obj)
 .text.dht_init
                0x000000000800ba14       0x20 zephyr/drivers/sensor/dht/libdrivers__sensor__dht.a(dht.c.obj)
 .text.gpio_pin_set_dt.isra.0
                0x000000000800ba34       0x28 zephyr/drivers/sensor/dht/libdrivers__sensor__dht.a(dht.c.obj)
 .text.dht_sample_fetch
                0x000000000800ba5c      0x11e zephyr/drivers/sensor/dht/libdrivers__sensor__dht.a(dht.c.obj)
 .text.uart_stm32_err_check
                0x000000000800bb7a       0x4c zephyr/drivers/serial/libdrivers__serial.a(uart_stm32.c.obj)
 .text.uart_stm32_poll_out
                0x000000000800bbc6       0x3c zephyr/drivers/serial/libdrivers__serial.a(uart_stm32.c.obj)
 .text.uart_stm32_poll_in
                0x000000000800bc02       0x20 zephyr/drivers/serial/libdrivers__serial.a(uart_stm32.c.obj)
 .text.uart_stm32_config_get
                0x000000000800bc22       0x92 zephyr/drivers/serial/libdrivers__serial.a(uart_stm32.c.obj)
 .text.pinctrl_lookup_state
                0x000000000800bcb4       0x30 zephyr/drivers/pinctrl/libdrivers__pinctrl.a(common.c.obj)
                0x000000000800bcb4                pinctrl_lookup_state
 .text.z_device_state_init
                0x000000000800bce4        0x2 zephyr/kernel/libkernel.a(device.c.obj)
                0x000000000800bce4                z_device_state_init
 .text.z_device_is_ready
                0x000000000800bce6       0x14 zephyr/kernel/libkernel.a(device.c.obj)
                0x000000000800bce6                z_device_is_ready
 .text.arch_system_halt
                0x000000000800bcfa       0x12 zephyr/kernel/libkernel.a(fatal.c.obj)
                0x000000000800bcfa                arch_system_halt
 .text.k_sys_fatal_error_handler
                0x000000000800bd0c        0x6 zephyr/kernel/libkernel.a(fatal.c.obj)
                0x000000000800bd0c                k_sys_fatal_error_handler
 .text.z_fatal_error
                0x000000000800bd12       0x36 zephyr/kernel/libkernel.a(fatal.c.obj)
                0x000000000800bd12                z_fatal_error
 .text.z_early_memset
                0x000000000800bd48        0x4 zephyr/kernel/libkernel.a(init.c.obj)
                0x000000000800bd48                z_early_memset
 .text.z_early_memcpy
                0x000000000800bd4c        0x4 zephyr/kernel/libkernel.a(init.c.obj)
                0x000000000800bd4c                z_early_memcpy
 .text.idle     0x000000000800bd50       0x18 zephyr/kernel/libkernel.a(idle.c.obj)
                0x000000000800bd50                idle
 .text.adjust_owner_prio.isra.0
                0x000000000800bd68       0x10 zephyr/kernel/libkernel.a(mutex.c.obj)
 .text.z_impl_k_mutex_init
                0x000000000800bd78        0xe zephyr/kernel/libkernel.a(mutex.c.obj)
                0x000000000800bd78                z_impl_k_mutex_init
 .text.sys_dlist_remove
                0x000000000800bd86       0x10 zephyr/kernel/libkernel.a(sched.c.obj)
 .text.unpend_thread_no_timeout
                0x000000000800bd96       0x14 zephyr/kernel/libkernel.a(sched.c.obj)
 .text.z_reschedule_irqlock
                0x000000000800bdaa       0x18 zephyr/kernel/libkernel.a(sched.c.obj)
                0x000000000800bdaa                z_reschedule_irqlock
 .text.z_reschedule_unlocked
                0x000000000800bdc2       0x14 zephyr/kernel/libkernel.a(sched.c.obj)
 .text.z_priq_dumb_best
                0x000000000800bdd6        0xc zephyr/kernel/libkernel.a(sched.c.obj)
                0x000000000800bdd6                z_priq_dumb_best
 .text.z_ready_thread
                0x000000000800bde2       0x20 zephyr/kernel/libkernel.a(sched.c.obj)
                0x000000000800bde2                z_ready_thread
 .text.z_thread_timeout
                0x000000000800be02       0x44 zephyr/kernel/libkernel.a(sched.c.obj)
                0x000000000800be02                z_thread_timeout
 .text.add_to_waitq_locked
                0x000000000800be46       0x54 zephyr/kernel/libkernel.a(sched.c.obj)
 .text.z_unpend_first_thread
                0x000000000800be9a       0x30 zephyr/kernel/libkernel.a(sched.c.obj)
                0x000000000800be9a                z_unpend_first_thread
 .text.z_abort_timeout
                0x000000000800beca       0x2c zephyr/kernel/libkernel.a(timeout.c.obj)
                0x000000000800beca                z_abort_timeout
 .text.z_set_timeout_expiry
                0x000000000800bef6       0x34 zephyr/kernel/libkernel.a(timeout.c.obj)
                0x000000000800bef6                z_set_timeout_expiry
 .text.sys_clock_tick_get_32
                0x000000000800bf2a        0x8 zephyr/kernel/libkernel.a(timeout.c.obj)
                0x000000000800bf2a                sys_clock_tick_get_32
 .text.z_impl_k_uptime_ticks
                0x000000000800bf32        0x4 zephyr/kernel/libkernel.a(timeout.c.obj)
                0x000000000800bf32                z_impl_k_uptime_ticks
 *(SORT_BY_ALIGNMENT(.TEXT.*))
 *(SORT_BY_ALIGNMENT(.gnu.linkonce.t.*))
 *(SORT_BY_ALIGNMENT(.glue_7t))
 .glue_7t       0x000000000800bf36        0x0 linker stubs
 *(SORT_BY_ALIGNMENT(.glue_7))
 .glue_7        0x000000000800bf36        0x0 linker stubs
 *(SORT_BY_ALIGNMENT(.vfp11_veneer))
 .vfp11_veneer  0x000000000800bf36        0x0 linker stubs
 *(SORT_BY_ALIGNMENT(.v4_bx))
 .v4_bx         0x000000000800bf36        0x0 linker stubs
                0x000000000800bf36                __text_region_end = .

.ARM.exidx      0x000000000800bf38        0x8
                0x000000000800bf38                __exidx_start = .
 *(SORT_BY_ALIGNMENT(.ARM.exidx*) SORT_BY_ALIGNMENT(gnu.linkonce.armexidx.*))
 .ARM.exidx     0x000000000800bf38        0x8 f:/project/zephyr-sdk-0.14.2/arm-zephyr-eabi/bin/../lib/gcc/arm-zephyr-eabi/10.3.0/thumb/v7e-m/nofp\libgcc.a(_udivmoddi4.o)
                0x000000000800bf40                __exidx_end = .
                0x000000000800bf40                __rodata_region_start = .

initlevel       0x000000000800bf40       0xa0
                0x000000000800bf40                __init_start = .
                0x000000000800bf40                __init_PRE_KERNEL_1_start = .
 *(SORT_BY_NAME(SORT_BY_ALIGNMENT(.z_init_PRE_KERNEL_1[0-9]_*)))
 .z_init_PRE_KERNEL_10_
                0x000000000800bf40        0x8 zephyr/libzephyr.a(soc.c.obj)
 .z_init_PRE_KERNEL_11_
                0x000000000800bf48        0x8 zephyr/libzephyr.a(soc_config.c.obj)
 .z_init_PRE_KERNEL_11_
                0x000000000800bf50        0x8 zephyr/drivers/clock_control/libdrivers__clock_control.a(clock_stm32_ll_common.c.obj)
 *(SORT_BY_NAME(SORT_BY_ALIGNMENT(.z_init_PRE_KERNEL_1[1-9][0-9]_*)))
 .z_init_PRE_KERNEL_140_
                0x000000000800bf58        0x8 zephyr/drivers/interrupt_controller/libdrivers__interrupt_controller.a(intc_exti_stm32.c.obj)
 .z_init_PRE_KERNEL_140_
                0x000000000800bf60       0x48 zephyr/drivers/gpio/libdrivers__gpio.a(gpio_stm32.c.obj)
 .z_init_PRE_KERNEL_155_
                0x000000000800bfa8       0x18 zephyr/drivers/serial/libdrivers__serial.a(uart_stm32.c.obj)
 .z_init_PRE_KERNEL_160_
                0x000000000800bfc0        0x8 zephyr/drivers/console/libdrivers__console.a(uart_console.c.obj)
                0x000000000800bfc8                __init_PRE_KERNEL_2_start = .
 *(SORT_BY_NAME(SORT_BY_ALIGNMENT(.z_init_PRE_KERNEL_2[0-9]_*)))
 .z_init_PRE_KERNEL_20_
                0x000000000800bfc8        0x8 zephyr/drivers/timer/libdrivers__timer.a(cortex_m_systick.c.obj)
 *(SORT_BY_NAME(SORT_BY_ALIGNMENT(.z_init_PRE_KERNEL_2[1-9][0-9]_*)))
                0x000000000800bfd0                __init_POST_KERNEL_start = .
 *(SORT_BY_NAME(SORT_BY_ALIGNMENT(.z_init_POST_KERNEL[0-9]_*)))
 *(SORT_BY_NAME(SORT_BY_ALIGNMENT(.z_init_POST_KERNEL[1-9][0-9]_*)))
 .z_init_POST_KERNEL90_
                0x000000000800bfd0        0x8 zephyr/drivers/sensor/dht/libdrivers__sensor__dht.a(dht.c.obj)
                0x000000000800bfd8                __init_APPLICATION_start = .
 *(SORT_BY_NAME(SORT_BY_ALIGNMENT(.z_init_APPLICATION[0-9]_*)))
 *(SORT_BY_NAME(SORT_BY_ALIGNMENT(.z_init_APPLICATION[1-9][0-9]_*)))
 .z_init_APPLICATION40_
                0x000000000800bfd8        0x8 zephyr/lib/libc/newlib/liblib__libc__newlib.a(libc-hooks.c.obj)
                0x000000000800bfe0                __init_SMP_start = .
 *(SORT_BY_NAME(SORT_BY_ALIGNMENT(.z_init_SMP[0-9]_*)))
 *(SORT_BY_NAME(SORT_BY_ALIGNMENT(.z_init_SMP[1-9][0-9]_*)))
                0x000000000800bfe0                __init_end = .

devices         0x000000000800bfe0      0x168
                0x000000000800bfe0                __device_start = .
                0x000000000800bfe0                __device_PRE_KERNEL_1_start = .
 *(SORT_BY_NAME(SORT_BY_ALIGNMENT(.z_device_PRE_KERNEL_1[0-9]_*)))
 .z_device_PRE_KERNEL_11_
                0x000000000800bfe0       0x18 zephyr/drivers/clock_control/libdrivers__clock_control.a(clock_stm32_ll_common.c.obj)
                0x000000000800bfe0                __device_dts_ord_9
 *(SORT_BY_NAME(SORT_BY_ALIGNMENT(.z_device_PRE_KERNEL_1[1-9][0-9]_*)))
 .z_device_PRE_KERNEL_140_
                0x000000000800bff8       0x18 zephyr/drivers/interrupt_controller/libdrivers__interrupt_controller.a(intc_exti_stm32.c.obj)
                0x000000000800bff8                __device_dts_ord_45
 .z_device_PRE_KERNEL_140_
                0x000000000800c010       0xd8 zephyr/drivers/gpio/libdrivers__gpio.a(gpio_stm32.c.obj)
                0x000000000800c010                __device_dts_ord_84
                0x000000000800c028                __device_dts_ord_83
                0x000000000800c040                __device_dts_ord_82
                0x000000000800c058                __device_dts_ord_81
                0x000000000800c070                __device_dts_ord_80
                0x000000000800c088                __device_dts_ord_66
                0x000000000800c0a0                __device_dts_ord_10
                0x000000000800c0b8                __device_dts_ord_23
                0x000000000800c0d0                __device_dts_ord_79
 .z_device_PRE_KERNEL_155_
                0x000000000800c0e8       0x48 zephyr/drivers/serial/libdrivers__serial.a(uart_stm32.c.obj)
                0x000000000800c0e8                __device_dts_ord_57
                0x000000000800c100                __device_dts_ord_62
                0x000000000800c118                __device_dts_ord_54
                0x000000000800c130                __device_PRE_KERNEL_2_start = .
 *(SORT_BY_NAME(SORT_BY_ALIGNMENT(.z_device_PRE_KERNEL_2[0-9]_*)))
 *(SORT_BY_NAME(SORT_BY_ALIGNMENT(.z_device_PRE_KERNEL_2[1-9][0-9]_*)))
                0x000000000800c130                __device_POST_KERNEL_start = .
 *(SORT_BY_NAME(SORT_BY_ALIGNMENT(.z_device_POST_KERNEL[0-9]_*)))
 *(SORT_BY_NAME(SORT_BY_ALIGNMENT(.z_device_POST_KERNEL[1-9][0-9]_*)))
 .z_device_POST_KERNEL90_
                0x000000000800c130       0x18 zephyr/drivers/sensor/dht/libdrivers__sensor__dht.a(dht.c.obj)
                0x000000000800c130                __device_dts_ord_11
                0x000000000800c148                __device_APPLICATION_start = .
 *(SORT_BY_NAME(SORT_BY_ALIGNMENT(.z_device_APPLICATION[0-9]_*)))
 *(SORT_BY_NAME(SORT_BY_ALIGNMENT(.z_device_APPLICATION[1-9][0-9]_*)))
                0x000000000800c148                __device_SMP_start = .
 *(SORT_BY_NAME(SORT_BY_ALIGNMENT(.z_device_SMP[0-9]_*)))
 *(SORT_BY_NAME(SORT_BY_ALIGNMENT(.z_device_SMP[1-9][0-9]_*)))
                0x000000000800c148                __device_end = .

sw_isr_table    0x000000000800c148      0x2d8
                0x000000000800c148                . = ALIGN (0x0)
 *(SORT_BY_ALIGNMENT(.gnu.linkonce.sw_isr_table*))
 .gnu.linkonce.sw_isr_table
                0x000000000800c148      0x2d8 zephyr/CMakeFiles/zephyr_final.dir/isr_tables.c.obj
                0x000000000800c148                _sw_isr_table

initlevel_error
                0x000000000800bf40        0x0
 *(SORT_BY_NAME(SORT_BY_ALIGNMENT(.z_init_[_A-Z0-9]*)))
                0x0000000000000001                ASSERT ((SIZEOF (initlevel_error) == 0x0), Undefined initialization levels used.)

app_shmem_regions
                0x000000000800c420        0x0
                0x000000000800c420                __app_shmem_regions_start = .
 *(SORT_BY_NAME(SORT_BY_ALIGNMENT(.app_regions.*)))
                0x000000000800c420                __app_shmem_regions_end = .

k_p4wq_initparam_area
                0x000000000800c420        0x0
                0x000000000800c420                _k_p4wq_initparam_list_start = .
 *(SORT_BY_NAME(SORT_BY_ALIGNMENT(._k_p4wq_initparam.static.*)))
                0x000000000800c420                _k_p4wq_initparam_list_end = .

device_handles  0x000000000800c420       0x8e
                0x000000000800c420                __device_handles_start = .
 *(SORT_BY_NAME(SORT_BY_ALIGNMENT(.__device_handles_pass2*)))
 .__device_handles_pass2
                0x000000000800c420       0x8e zephyr/CMakeFiles/zephyr_final.dir/dev_handles.c.obj
                0x000000000800c420                __devicehdl_DT_N_S_dht22
                0x000000000800c428                __devicehdl_DT_N_S_soc_S_serial_40004400
                0x000000000800c430                __devicehdl_DT_N_S_soc_S_serial_40008000
                0x000000000800c438                __devicehdl_DT_N_S_soc_S_serial_40004800
                0x000000000800c440                __devicehdl_DT_N_S_soc_S_pin_controller_48000000_S_gpio_48000000
                0x000000000800c448                __devicehdl_DT_N_S_soc_S_pin_controller_48000000_S_gpio_48000400
                0x000000000800c450                __devicehdl_DT_N_S_soc_S_pin_controller_48000000_S_gpio_48000800
                0x000000000800c45a                __devicehdl_DT_N_S_soc_S_pin_controller_48000000_S_gpio_48000c00
                0x000000000800c462                __devicehdl_DT_N_S_soc_S_pin_controller_48000000_S_gpio_48001000
                0x000000000800c46a                __devicehdl_DT_N_S_soc_S_pin_controller_48000000_S_gpio_48001400
                0x000000000800c472                __devicehdl_DT_N_S_soc_S_pin_controller_48000000_S_gpio_48001800
                0x000000000800c47a                __devicehdl_DT_N_S_soc_S_pin_controller_48000000_S_gpio_48001c00
                0x000000000800c482                __devicehdl_DT_N_S_soc_S_pin_controller_48000000_S_gpio_48002000
                0x000000000800c48a                __devicehdl_DT_N_S_soc_S_interrupt_controller_40010400
                0x000000000800c490                __devicehdl_DT_N_S_soc_S_rcc_40021000
                0x000000000800c4ae                __device_handles_end = .

ztest           0x000000000800c4ae        0x0
                0x000000000800c4ae                _ztest_suite_node_list_start = .
 *(SORT_BY_NAME(SORT_BY_ALIGNMENT(._ztest_suite_node.static.*)))
                0x000000000800c4ae                _ztest_suite_node_list_end = .
                0x000000000800c4ae                _ztest_unit_test_list_start = .
 *(SORT_BY_NAME(SORT_BY_ALIGNMENT(._ztest_unit_test.static.*)))
                0x000000000800c4ae                _ztest_unit_test_list_end = .
                0x000000000800c4ae                _ztest_test_rule_list_start = .
 *(SORT_BY_NAME(SORT_BY_ALIGNMENT(._ztest_test_rule.static.*)))
                0x000000000800c4ae                _ztest_test_rule_list_end = .

bt_l2cap_fixed_chan_area
                0x000000000800c4ae        0x0
                0x000000000800c4ae                _bt_l2cap_fixed_chan_list_start = .
 *(SORT_BY_NAME(SORT_BY_ALIGNMENT(._bt_l2cap_fixed_chan.static.*)))
                0x000000000800c4ae                _bt_l2cap_fixed_chan_list_end = .

bt_gatt_service_static_area
                0x000000000800c4ae        0x0
                0x000000000800c4ae                _bt_gatt_service_static_list_start = .
 *(SORT_BY_NAME(SORT_BY_ALIGNMENT(._bt_gatt_service_static.static.*)))
                0x000000000800c4ae                _bt_gatt_service_static_list_end = .

log_strings_sections
                0x000000000800c4ae        0x0
                0x000000000800c4ae                __log_strings_start = .
 *(SORT_BY_NAME(SORT_BY_ALIGNMENT(.log_strings*)))
                0x000000000800c4ae                __log_strings_end = .

log_const_sections
                0x000000000800c4ae        0x0
                0x000000000800c4ae                __log_const_start = .
 *(SORT_BY_NAME(SORT_BY_ALIGNMENT(.log_const_*)))
                0x000000000800c4ae                __log_const_end = .

log_backends_sections
                0x000000000800c4ae        0x0
                0x000000000800c4ae                __log_backends_start = .
 *(SORT_BY_ALIGNMENT(._log_backend.*))
                0x000000000800c4ae                __log_backends_end = .

tracing_backend_area
                0x000000000800c4ae        0x0
                0x000000000800c4ae                _tracing_backend_list_start = .
 *(SORT_BY_NAME(SORT_BY_ALIGNMENT(._tracing_backend.static.*)))
                0x000000000800c4ae                _tracing_backend_list_end = .

zephyr_dbg_info
 *(SORT_BY_ALIGNMENT(.dbg_thread_info))

shell_area      0x000000000800c4ae        0x0
                0x000000000800c4ae                _shell_list_start = .
 *(SORT_BY_NAME(SORT_BY_ALIGNMENT(._shell.static.*)))
                0x000000000800c4ae                _shell_list_end = .

shell_root_cmds_sections
                0x000000000800c4ae        0x0
                0x000000000800c4ae                __shell_root_cmds_start = .
 *(SORT_BY_NAME(SORT_BY_ALIGNMENT(.shell_root_cmd_*)))
                0x000000000800c4ae                __shell_root_cmds_end = .

shell_subcmds_sections
                0x000000000800c4ae        0x0
                0x000000000800c4ae                __shell_subcmds_start = .
 *(SORT_BY_NAME(SORT_BY_ALIGNMENT(.shell_subcmd_*)))
                0x000000000800c4ae                __shell_subcmds_end = .

shell_dynamic_subcmds_sections
                0x000000000800c4ae        0x0
                0x000000000800c4ae                __shell_dynamic_subcmds_start = .
 *(SORT_BY_NAME(SORT_BY_ALIGNMENT(.shell_dynamic_subcmd_*)))
                0x000000000800c4ae                __shell_dynamic_subcmds_end = .

font_entry_sections
                0x000000000800c4ae        0x0
                0x000000000800c4ae                __font_entry_start = .
 *(SORT_BY_NAME(SORT_BY_ALIGNMENT(._cfb_font.*)))
                0x000000000800c4ae                __font_entry_end = .

rodata          0x000000000800c4b0      0x7fc
 *(SORT_BY_ALIGNMENT(.rodata))
 .rodata        0x000000000800c4b0        0x8 zephyr/drivers/gpio/libdrivers__gpio.a(gpio_stm32.c.obj)
 *(SORT_BY_ALIGNMENT(.rodata.*))
 .rodata.__mprec_bigtens
                0x000000000800c4b8       0x28 F:/PROJECT/zephyr-sdk-0.14.2/arm-zephyr-eabi/arm-zephyr-eabi/lib/thumb/v7e-m/nofp\libc.a(lib_a-mprec.o)
                0x000000000800c4b8                __mprec_bigtens
 .rodata.__mprec_tens
                0x000000000800c4e0       0xc8 F:/PROJECT/zephyr-sdk-0.14.2/arm-zephyr-eabi/arm-zephyr-eabi/lib/thumb/v7e-m/nofp\libc.a(lib_a-mprec.o)
                0x000000000800c4e0                __mprec_tens
 .rodata.static_regions
                0x000000000800c5a8        0xc zephyr/arch/arch/arm/core/aarch32/mpu/libarch__arm__core__aarch32__mpu.a(arm_core_mpu.c.obj)
 .rodata.mpu_config
                0x000000000800c5b4        0x8 zephyr/soc/arm/common/cortex_m/libsoc__arm__common__cortex_m.a(arm_mpu_regions.c.obj)
                0x000000000800c5b4                mpu_config
 .rodata.mpu_regions
                0x000000000800c5bc       0x18 zephyr/soc/arm/common/cortex_m/libsoc__arm__common__cortex_m.a(arm_mpu_regions.c.obj)
 .rodata.gpio_stm32_cfg_a
                0x000000000800c5d4       0x14 zephyr/drivers/gpio/libdrivers__gpio.a(gpio_stm32.c.obj)
 .rodata.gpio_stm32_cfg_b
                0x000000000800c5e8       0x14 zephyr/drivers/gpio/libdrivers__gpio.a(gpio_stm32.c.obj)
 .rodata.gpio_stm32_cfg_c
                0x000000000800c5fc       0x14 zephyr/drivers/gpio/libdrivers__gpio.a(gpio_stm32.c.obj)
 .rodata.gpio_stm32_cfg_d
                0x000000000800c610       0x14 zephyr/drivers/gpio/libdrivers__gpio.a(gpio_stm32.c.obj)
 .rodata.gpio_stm32_cfg_e
                0x000000000800c624       0x14 zephyr/drivers/gpio/libdrivers__gpio.a(gpio_stm32.c.obj)
 .rodata.gpio_stm32_cfg_f
                0x000000000800c638       0x14 zephyr/drivers/gpio/libdrivers__gpio.a(gpio_stm32.c.obj)
 .rodata.gpio_stm32_cfg_g
                0x000000000800c64c       0x14 zephyr/drivers/gpio/libdrivers__gpio.a(gpio_stm32.c.obj)
 .rodata.gpio_stm32_cfg_h
                0x000000000800c660       0x14 zephyr/drivers/gpio/libdrivers__gpio.a(gpio_stm32.c.obj)
 .rodata.gpio_stm32_cfg_i
                0x000000000800c674       0x14 zephyr/drivers/gpio/libdrivers__gpio.a(gpio_stm32.c.obj)
 .rodata.gpio_stm32_driver
                0x000000000800c688       0x24 zephyr/drivers/gpio/libdrivers__gpio.a(gpio_stm32.c.obj)
 .rodata.dht_api
                0x000000000800c6ac       0x14 zephyr/drivers/sensor/dht/libdrivers__sensor__dht.a(dht.c.obj)
 .rodata.dht_config
                0x000000000800c6c0        0x8 zephyr/drivers/sensor/dht/libdrivers__sensor__dht.a(dht.c.obj)
 .rodata.__pinctrl_dev_config__device_dts_ord_54
                0x000000000800c6c8        0x8 zephyr/drivers/serial/libdrivers__serial.a(uart_stm32.c.obj)
 .rodata.__pinctrl_dev_config__device_dts_ord_57
                0x000000000800c6d0        0x8 zephyr/drivers/serial/libdrivers__serial.a(uart_stm32.c.obj)
 .rodata.__pinctrl_dev_config__device_dts_ord_62
                0x000000000800c6d8        0x8 zephyr/drivers/serial/libdrivers__serial.a(uart_stm32.c.obj)
 .rodata.__pinctrl_state_pins_0__device_dts_ord_54
                0x000000000800c6e0       0x10 zephyr/drivers/serial/libdrivers__serial.a(uart_stm32.c.obj)
 .rodata.__pinctrl_state_pins_0__device_dts_ord_57
                0x000000000800c6f0       0x10 zephyr/drivers/serial/libdrivers__serial.a(uart_stm32.c.obj)
 .rodata.__pinctrl_state_pins_0__device_dts_ord_62
                0x000000000800c700       0x10 zephyr/drivers/serial/libdrivers__serial.a(uart_stm32.c.obj)
 .rodata.__pinctrl_states__device_dts_ord_54
                0x000000000800c710        0x8 zephyr/drivers/serial/libdrivers__serial.a(uart_stm32.c.obj)
 .rodata.__pinctrl_states__device_dts_ord_57
                0x000000000800c718        0x8 zephyr/drivers/serial/libdrivers__serial.a(uart_stm32.c.obj)
 .rodata.__pinctrl_states__device_dts_ord_62
                0x000000000800c720        0x8 zephyr/drivers/serial/libdrivers__serial.a(uart_stm32.c.obj)
 .rodata.pclken_0
                0x000000000800c728        0x8 zephyr/drivers/serial/libdrivers__serial.a(uart_stm32.c.obj)
 .rodata.pclken_1
                0x000000000800c730        0x8 zephyr/drivers/serial/libdrivers__serial.a(uart_stm32.c.obj)
 .rodata.pclken_2
                0x000000000800c738        0x8 zephyr/drivers/serial/libdrivers__serial.a(uart_stm32.c.obj)
 .rodata.uart_stm32_cfg_0
                0x000000000800c740       0x1c zephyr/drivers/serial/libdrivers__serial.a(uart_stm32.c.obj)
 .rodata.uart_stm32_cfg_1
                0x000000000800c75c       0x1c zephyr/drivers/serial/libdrivers__serial.a(uart_stm32.c.obj)
 .rodata.uart_stm32_cfg_2
                0x000000000800c778       0x1c zephyr/drivers/serial/libdrivers__serial.a(uart_stm32.c.obj)
 .rodata.uart_stm32_driver_api
                0x000000000800c794       0x14 zephyr/drivers/serial/libdrivers__serial.a(uart_stm32.c.obj)
 .rodata.gpio_ports
                0x000000000800c7a8       0x2c zephyr/drivers/pinctrl/libdrivers__pinctrl.a(pinctrl_stm32.c.obj)
 .rodata.MSIRangeTable
                0x000000000800c7d4       0x30 modules/stm32/stm32cube/lib..__modules__hal__stm32__stm32cube.a(system_stm32l4xx.c.obj)
                0x000000000800c7d4                MSIRangeTable
 .rodata.levels.0
                0x000000000800c804       0x14 zephyr/kernel/libkernel.a(device.c.obj)
 .rodata._k_neg_eagain
                0x000000000800c818        0x4 zephyr/kernel/libkernel.a(errno.c.obj)
                0x000000000800c818                _k_neg_eagain
 .rodata._ctype_
                0x000000000800c81c      0x101 F:/PROJECT/zephyr-sdk-0.14.2/arm-zephyr-eabi/arm-zephyr-eabi/lib/thumb/v7e-m/nofp\libc.a(lib_a-ctype_.o)
                0x000000000800c81c                _ctype_
 *fill*         0x000000000800c91d        0x3 
 .rodata._svfprintf_r.str1.4
                0x000000000800c920       0x42 F:/PROJECT/zephyr-sdk-0.14.2/arm-zephyr-eabi/arm-zephyr-eabi/lib/thumb/v7e-m/nofp\libc.a(lib_a-svfprintf.o)
 *fill*         0x000000000800c962        0x2 
 .rodata.blanks.1
                0x000000000800c964       0x10 F:/PROJECT/zephyr-sdk-0.14.2/arm-zephyr-eabi/arm-zephyr-eabi/lib/thumb/v7e-m/nofp\libc.a(lib_a-svfprintf.o)
 .rodata.zeroes.0
                0x000000000800c974       0x10 F:/PROJECT/zephyr-sdk-0.14.2/arm-zephyr-eabi/arm-zephyr-eabi/lib/thumb/v7e-m/nofp\libc.a(lib_a-svfprintf.o)
 .rodata._vfprintf_r.str1.4
                0x000000000800c984       0x42 F:/PROJECT/zephyr-sdk-0.14.2/arm-zephyr-eabi/arm-zephyr-eabi/lib/thumb/v7e-m/nofp\libc.a(lib_a-vfprintf.o)
 .rodata.blanks.1
                0x000000000800c984       0x10 F:/PROJECT/zephyr-sdk-0.14.2/arm-zephyr-eabi/arm-zephyr-eabi/lib/thumb/v7e-m/nofp\libc.a(lib_a-vfprintf.o)
 .rodata.zeroes.0
                0x000000000800c994       0x10 F:/PROJECT/zephyr-sdk-0.14.2/arm-zephyr-eabi/arm-zephyr-eabi/lib/thumb/v7e-m/nofp\libc.a(lib_a-vfprintf.o)
 .rodata._dtoa_r.str1.4
                0x000000000800c9a4       0x93 F:/PROJECT/zephyr-sdk-0.14.2/arm-zephyr-eabi/arm-zephyr-eabi/lib/thumb/v7e-m/nofp\libc.a(lib_a-dtoa.o)
                                         0x97 (size before relaxing)
 *fill*         0x000000000800ca37        0x1 
 .rodata.__multadd.str1.4
                0x000000000800ca38       0x70 F:/PROJECT/zephyr-sdk-0.14.2/arm-zephyr-eabi/arm-zephyr-eabi/lib/thumb/v7e-m/nofp\libc.a(lib_a-mprec.o)
                                         0x84 (size before relaxing)
 .rodata.p05.0  0x000000000800caa8        0xc F:/PROJECT/zephyr-sdk-0.14.2/arm-zephyr-eabi/arm-zephyr-eabi/lib/thumb/v7e-m/nofp\libc.a(lib_a-mprec.o)
 .rodata._vfiprintf_r.str1.4
                0x000000000800cab4       0x2f F:/PROJECT/zephyr-sdk-0.14.2/arm-zephyr-eabi/arm-zephyr-eabi/lib/thumb/v7e-m/nofp\libc.a(lib_a-vfiprintf.o)
 .rodata.blanks.1
                0x000000000800cab4       0x10 F:/PROJECT/zephyr-sdk-0.14.2/arm-zephyr-eabi/arm-zephyr-eabi/lib/thumb/v7e-m/nofp\libc.a(lib_a-vfiprintf.o)
 .rodata.zeroes.0
                0x000000000800cac4       0x10 F:/PROJECT/zephyr-sdk-0.14.2/arm-zephyr-eabi/arm-zephyr-eabi/lib/thumb/v7e-m/nofp\libc.a(lib_a-vfiprintf.o)
 .rodata.__assert_func.str1.4
                0x000000000800cad4       0x3f F:/PROJECT/zephyr-sdk-0.14.2/arm-zephyr-eabi/arm-zephyr-eabi/lib/thumb/v7e-m/nofp\libc.a(lib_a-assert.o)
                                         0x43 (size before relaxing)
 *fill*         0x000000000800cb13        0x1 
 .rodata._setlocale_r.str1.4
                0x000000000800cb14        0xa F:/PROJECT/zephyr-sdk-0.14.2/arm-zephyr-eabi/arm-zephyr-eabi/lib/thumb/v7e-m/nofp\libc.a(lib_a-locale.o)
                                          0xd (size before relaxing)
 *fill*         0x000000000800cb1e        0x2 
 .rodata.str1.4
                0x000000000800cb20        0x2 F:/PROJECT/zephyr-sdk-0.14.2/arm-zephyr-eabi/arm-zephyr-eabi/lib/thumb/v7e-m/nofp\libc.a(lib_a-locale.o)
 .rodata.CSWTCH.16
                0x000000000800cb22       0x10 zephyr/drivers/clock_control/libdrivers__clock_control.a(clock_stm32_ll_common.c.obj)
 .rodata.CSWTCH.659
                0x000000000800cb32        0x6 zephyr/drivers/serial/libdrivers__serial.a(uart_stm32.c.obj)
 .rodata.main.str1.1
                0x000000000800cb38       0x6f app/libapp.a(main.c.obj)
 .rodata.z_cbvprintf_impl.str1.1
                0x000000000800cba7        0x6 zephyr/libzephyr.a(cbprintf_complete.c.obj)
 .rodata._exit.str1.1
                0x000000000800cbad        0x6 zephyr/lib/libc/newlib/liblib__libc__newlib.a(libc-hooks.c.obj)
 .rodata.str1.1
                0x000000000800cbb3        0xf zephyr/soc/arm/common/cortex_m/libsoc__arm__common__cortex_m.a(arm_mpu_regions.c.obj)
 .rodata.str1.1
                0x000000000800cbc2       0x1e zephyr/drivers/interrupt_controller/libdrivers__interrupt_controller.a(intc_exti_stm32.c.obj)
 .rodata.exti_irq_table
                0x000000000800cbe0       0x10 zephyr/drivers/interrupt_controller/libdrivers__interrupt_controller.a(intc_exti_stm32.c.obj)
                0x000000000800cbe0                exti_irq_table
 .rodata.str1.1
                0x000000000800cbf0        0xd zephyr/drivers/clock_control/libdrivers__clock_control.a(clock_stm32_ll_common.c.obj)
 .rodata.str1.1
                0x000000000800cbfd       0x36 zephyr/drivers/gpio/libdrivers__gpio.a(gpio_stm32.c.obj)
 .rodata.str1.1
                0x000000000800cc33        0x6 zephyr/drivers/sensor/dht/libdrivers__sensor__dht.a(dht.c.obj)
 .rodata.str1.1
                0x000000000800cc39       0x17 zephyr/drivers/serial/libdrivers__serial.a(uart_stm32.c.obj)
 .rodata.AHBPrescTable
                0x000000000800cc50       0x10 modules/stm32/stm32cube/lib..__modules__hal__stm32__stm32cube.a(system_stm32l4xx.c.obj)
                0x000000000800cc50                AHBPrescTable
 .rodata.z_cstart.str1.1
                0x000000000800cc60        0x5 zephyr/kernel/libkernel.a(init.c.obj)
 .rodata.boot_banner.str1.1
                0x000000000800cc65       0x47 zephyr/kernel/libkernel.a(banner.c.obj)
                                         0x48 (size before relaxing)
 *(SORT_BY_ALIGNMENT(.gnu.linkonce.r.*))
                0x000000000800ccac                . = ALIGN (0x4)
                0x000000000800ccac                __rodata_region_end = .
                0x000000000800ccc0                . = ALIGN (_region_min_align)
                0x0000000008010000                . = ALIGN ((0x1 << ((__rodata_region_end - __rom_region_start) <= 0x4)?0x2:((__rodata_region_end - __rom_region_start) <= 0x8)?0x3:((__rodata_region_end - __rom_region_start) <= 0x10)?0x4:((__rodata_region_end - __rom_region_start) <= 0x20)?0x5:((__rodata_region_end - __rom_region_start) <= 0x40)?0x6:((__rodata_region_end - __rom_region_start) <= 0x80)?0x7:((__rodata_region_end - __rom_region_start) <= 0x100)?0x8:((__rodata_region_end - __rom_region_start) <= 0x200)?0x9:((__rodata_region_end - __rom_region_start) <= 0x400)?0xa:((__rodata_region_end - __rom_region_start) <= 0x800)?0xb:((__rodata_region_end - __rom_region_start) <= 0x1000)?0xc:((__rodata_region_end - __rom_region_start) <= 0x2000)?0xd:((__rodata_region_end - __rom_region_start) <= 0x4000)?0xe:((__rodata_region_end - __rom_region_start) <= 0x8000)?0xf:((__rodata_region_end - __rom_region_start) <= 0x10000)?0x10:((__rodata_region_end - __rom_region_start) <= 0x20000)?0x11:((__rodata_region_end - __rom_region_start) <= 0x40000)?0x12:((__rodata_region_end - __rom_region_start) <= 0x80000)?0x13:((__rodata_region_end - __rom_region_start) <= 0x100000)?0x14:((__rodata_region_end - __rom_region_start) <= 0x200000)?0x15:((__rodata_region_end - __rom_region_start) <= 0x400000)?0x16:((__rodata_region_end - __rom_region_start) <= 0x800000)?0x17:((__rodata_region_end - __rom_region_start) <= 0x1000000)?0x18:((__rodata_region_end - __rom_region_start) <= 0x2000000)?0x19:((__rodata_region_end - __rom_region_start) <= 0x4000000)?0x1a:((__rodata_region_end - __rom_region_start) <= 0x8000000)?0x1b:((__rodata_region_end - __rom_region_start) <= 0x10000000)?0x1c:((__rodata_region_end - __rom_region_start) <= 0x20000000)?0x1d:((__rodata_region_end - __rom_region_start) <= 0x40000000)?0x1e:((__rodata_region_end - __rom_region_start) <= 0x80000000)?0x1f:0x20))
                0x0000000008010000                __rom_region_end = .
                0x0000000020000000                . = 0x20000000
                0x0000000020000000                . = ALIGN (_region_min_align)
                0x0000000020000000                _image_ram_start = .

.ramfunc        0x0000000020000000        0x0 load address 0x000000000800ccac
                0x0000000020000000                . = ALIGN (_region_min_align)
                0x0000000020000000                . = ALIGN ((0x1 << (__ramfunc_size <= 0x4)?0x2:(__ramfunc_size <= 0x8)?0x3:(__ramfunc_size <= 0x10)?0x4:(__ramfunc_size <= 0x20)?0x5:(__ramfunc_size <= 0x40)?0x6:(__ramfunc_size <= 0x80)?0x7:(__ramfunc_size <= 0x100)?0x8:(__ramfunc_size <= 0x200)?0x9:(__ramfunc_size <= 0x400)?0xa:(__ramfunc_size <= 0x800)?0xb:(__ramfunc_size <= 0x1000)?0xc:(__ramfunc_size <= 0x2000)?0xd:(__ramfunc_size <= 0x4000)?0xe:(__ramfunc_size <= 0x8000)?0xf:(__ramfunc_size <= 0x10000)?0x10:(__ramfunc_size <= 0x20000)?0x11:(__ramfunc_size <= 0x40000)?0x12:(__ramfunc_size <= 0x80000)?0x13:(__ramfunc_size <= 0x100000)?0x14:(__ramfunc_size <= 0x200000)?0x15:(__ramfunc_size <= 0x400000)?0x16:(__ramfunc_size <= 0x800000)?0x17:(__ramfunc_size <= 0x1000000)?0x18:(__ramfunc_size <= 0x2000000)?0x19:(__ramfunc_size <= 0x4000000)?0x1a:(__ramfunc_size <= 0x8000000)?0x1b:(__ramfunc_size <= 0x10000000)?0x1c:(__ramfunc_size <= 0x20000000)?0x1d:(__ramfunc_size <= 0x40000000)?0x1e:(__ramfunc_size <= 0x80000000)?0x1f:0x20))
                0x0000000020000000                __ramfunc_start = .
 *(SORT_BY_ALIGNMENT(.ramfunc))
 *(SORT_BY_ALIGNMENT(.ramfunc.*))
                0x0000000020000000                . = ALIGN (_region_min_align)
                0x0000000020000000                . = ALIGN ((0x1 << (__ramfunc_size <= 0x4)?0x2:(__ramfunc_size <= 0x8)?0x3:(__ramfunc_size <= 0x10)?0x4:(__ramfunc_size <= 0x20)?0x5:(__ramfunc_size <= 0x40)?0x6:(__ramfunc_size <= 0x80)?0x7:(__ramfunc_size <= 0x100)?0x8:(__ramfunc_size <= 0x200)?0x9:(__ramfunc_size <= 0x400)?0xa:(__ramfunc_size <= 0x800)?0xb:(__ramfunc_size <= 0x1000)?0xc:(__ramfunc_size <= 0x2000)?0xd:(__ramfunc_size <= 0x4000)?0xe:(__ramfunc_size <= 0x8000)?0xf:(__ramfunc_size <= 0x10000)?0x10:(__ramfunc_size <= 0x20000)?0x11:(__ramfunc_size <= 0x40000)?0x12:(__ramfunc_size <= 0x80000)?0x13:(__ramfunc_size <= 0x100000)?0x14:(__ramfunc_size <= 0x200000)?0x15:(__ramfunc_size <= 0x400000)?0x16:(__ramfunc_size <= 0x800000)?0x17:(__ramfunc_size <= 0x1000000)?0x18:(__ramfunc_size <= 0x2000000)?0x19:(__ramfunc_size <= 0x4000000)?0x1a:(__ramfunc_size <= 0x8000000)?0x1b:(__ramfunc_size <= 0x10000000)?0x1c:(__ramfunc_size <= 0x20000000)?0x1d:(__ramfunc_size <= 0x40000000)?0x1e:(__ramfunc_size <= 0x80000000)?0x1f:0x20))
                0x0000000020000000                __ramfunc_end = .
                0x0000000000000000                __ramfunc_size = (__ramfunc_end - __ramfunc_start)
                0x000000000800ccac                __ramfunc_load_start = LOADADDR (.ramfunc)

datas           0x0000000020000000      0x85c load address 0x000000000800ccac
                0x0000000020000000                __data_region_start = .
                0x0000000020000000                __data_start = .
 *(SORT_BY_ALIGNMENT(.data))
 *(SORT_BY_ALIGNMENT(.data.*))
 .data.impure_data
                0x0000000020000000      0x290 F:/PROJECT/zephyr-sdk-0.14.2/arm-zephyr-eabi/arm-zephyr-eabi/lib/thumb/v7e-m/nofp\libc.a(lib_a-impure.o)
 .data._char_out
                0x0000000020000290        0x4 zephyr/libzephyr.a(printk.c.obj)
                0x0000000020000290                _char_out
 .data._stdin_hook
                0x0000000020000294        0x4 zephyr/lib/libc/newlib/liblib__libc__newlib.a(libc-hooks.c.obj)
 .data._stdout_hook
                0x0000000020000298        0x4 zephyr/lib/libc/newlib/liblib__libc__newlib.a(libc-hooks.c.obj)
 .data.stm32_clock_control_api
                0x000000002000029c       0x1c zephyr/drivers/clock_control/libdrivers__clock_control.a(clock_stm32_ll_common.c.obj)
 .data.uart_stm32_data_0
                0x00000000200002b8        0x8 zephyr/drivers/serial/libdrivers__serial.a(uart_stm32.c.obj)
 .data.uart_stm32_data_1
                0x00000000200002c0        0x8 zephyr/drivers/serial/libdrivers__serial.a(uart_stm32.c.obj)
 .data.uart_stm32_data_2
                0x00000000200002c8        0x8 zephyr/drivers/serial/libdrivers__serial.a(uart_stm32.c.obj)
 .data.SystemCoreClock
                0x00000000200002d0        0x4 modules/stm32/stm32cube/lib..__modules__hal__stm32__stm32cube.a(system_stm32l4xx.c.obj)
                0x00000000200002d0                SystemCoreClock
 .data.timeout_list
                0x00000000200002d4        0x8 zephyr/kernel/libkernel.a(timeout.c.obj)
 .data.__malloc_av_
                0x00000000200002dc      0x408 F:/PROJECT/zephyr-sdk-0.14.2/arm-zephyr-eabi/arm-zephyr-eabi/lib/thumb/v7e-m/nofp\libc.a(lib_a-mallocr.o)
                0x00000000200002dc                __malloc_av_
 .data.__malloc_sbrk_base
                0x00000000200006e4        0x4 F:/PROJECT/zephyr-sdk-0.14.2/arm-zephyr-eabi/arm-zephyr-eabi/lib/thumb/v7e-m/nofp\libc.a(lib_a-mallocr.o)
                0x00000000200006e4                __malloc_sbrk_base
 .data.__malloc_trim_threshold
                0x00000000200006e8        0x4 F:/PROJECT/zephyr-sdk-0.14.2/arm-zephyr-eabi/arm-zephyr-eabi/lib/thumb/v7e-m/nofp\libc.a(lib_a-mallocr.o)
                0x00000000200006e8                __malloc_trim_threshold
 .data._impure_ptr
                0x00000000200006ec        0x4 F:/PROJECT/zephyr-sdk-0.14.2/arm-zephyr-eabi/arm-zephyr-eabi/lib/thumb/v7e-m/nofp\libc.a(lib_a-impure.o)
                0x00000000200006ec                _impure_ptr
 .data.__global_locale
                0x00000000200006f0      0x16c F:/PROJECT/zephyr-sdk-0.14.2/arm-zephyr-eabi/arm-zephyr-eabi/lib/thumb/v7e-m/nofp\libc.a(lib_a-locale.o)
                0x00000000200006f0                __global_locale
 *(SORT_BY_ALIGNMENT(.kernel.*))
                0x000000002000085c                __data_end = .
                0x000000000000085c                __data_size = (__data_end - __data_start)
                0x000000000800ccac                __data_load_start = LOADADDR (datas)
                0x000000000800ccac                __data_region_load_start = LOADADDR (datas)

device_states   0x000000002000085c       0x3c load address 0x000000000800d508
                0x000000002000085c                __device_states_start = .
 *(SORT_BY_ALIGNMENT(.z_devstate))
 .z_devstate    0x000000002000085c        0x4 zephyr/drivers/interrupt_controller/libdrivers__interrupt_controller.a(intc_exti_stm32.c.obj)
 .z_devstate    0x0000000020000860        0x4 zephyr/drivers/clock_control/libdrivers__clock_control.a(clock_stm32_ll_common.c.obj)
 .z_devstate    0x0000000020000864       0x24 zephyr/drivers/gpio/libdrivers__gpio.a(gpio_stm32.c.obj)
 .z_devstate    0x0000000020000888        0x4 zephyr/drivers/sensor/dht/libdrivers__sensor__dht.a(dht.c.obj)
 .z_devstate    0x000000002000088c        0xc zephyr/drivers/serial/libdrivers__serial.a(uart_stm32.c.obj)
 *(SORT_BY_ALIGNMENT(.z_devstate.*))
                0x0000000020000898                __device_states_end = .

initshell       0x0000000020000898        0x0 load address 0x000000000800d544
                0x0000000020000898                __shell_module_start = .
 *(SORT_BY_ALIGNMENT(.shell_module_*))
                0x0000000020000898                __shell_module_end = .
                0x0000000020000898                __shell_cmd_start = .
 *(SORT_BY_ALIGNMENT(.shell_cmd_*))
                0x0000000020000898                __shell_cmd_end = .

log_dynamic_sections
                0x0000000020000898        0x0 load address 0x000000000800d544
                0x0000000020000898                __log_dynamic_start = .
 *(SORT_BY_NAME(SORT_BY_ALIGNMENT(.log_dynamic_*)))
                0x0000000020000898                __log_dynamic_end = .

_static_thread_data_area
                0x0000000020000898        0x0 load address 0x000000000800d544
                0x0000000020000898                __static_thread_data_list_start = .
 *(SORT_BY_NAME(SORT_BY_ALIGNMENT(.__static_thread_data.static.*)))
                0x0000000020000898                __static_thread_data_list_end = .

k_timer_area    0x0000000020000898        0x0 load address 0x000000000800d544
                0x0000000020000898                _k_timer_list_start = .
 *(SORT_BY_NAME(SORT_BY_ALIGNMENT(._k_timer.static.*)))
                0x0000000020000898                _k_timer_list_end = .

k_mem_slab_area
                0x0000000020000898        0x0 load address 0x000000000800d544
                0x0000000020000898                _k_mem_slab_list_start = .
 *(SORT_BY_NAME(SORT_BY_ALIGNMENT(._k_mem_slab.static.*)))
                0x0000000020000898                _k_mem_slab_list_end = .

k_mem_pool_area
                0x0000000020000898        0x0 load address 0x000000000800d544
                0x0000000020000898                _k_mem_pool_list_start = .
 *(SORT_BY_NAME(SORT_BY_ALIGNMENT(._k_mem_pool.static.*)))
                0x0000000020000898                _k_mem_pool_list_end = .

k_heap_area     0x0000000020000898        0x0 load address 0x000000000800d544
                0x0000000020000898                _k_heap_list_start = .
 *(SORT_BY_NAME(SORT_BY_ALIGNMENT(._k_heap.static.*)))
                0x0000000020000898                _k_heap_list_end = .

k_mutex_area    0x0000000020000898       0x28 load address 0x000000000800d544
                0x0000000020000898                _k_mutex_list_start = .
 *(SORT_BY_NAME(SORT_BY_ALIGNMENT(._k_mutex.static.*)))
 ._k_mutex.static.__lock___malloc_recursive_mutex
                0x0000000020000898       0x14 zephyr/lib/libc/newlib/liblib__libc__newlib.a(libc-hooks.c.obj)
                0x0000000020000898                __lock___malloc_recursive_mutex
 ._k_mutex.static.__lock___sinit_recursive_mutex
                0x00000000200008ac       0x14 zephyr/lib/libc/newlib/liblib__libc__newlib.a(libc-hooks.c.obj)
                0x00000000200008ac                __lock___sinit_recursive_mutex
                0x00000000200008c0                _k_mutex_list_end = .

k_stack_area    0x00000000200008c0        0x0 load address 0x000000000800d56c
                0x00000000200008c0                _k_stack_list_start = .
 *(SORT_BY_NAME(SORT_BY_ALIGNMENT(._k_stack.static.*)))
                0x00000000200008c0                _k_stack_list_end = .

k_msgq_area     0x00000000200008c0        0x0 load address 0x000000000800d56c
                0x00000000200008c0                _k_msgq_list_start = .
 *(SORT_BY_NAME(SORT_BY_ALIGNMENT(._k_msgq.static.*)))
                0x00000000200008c0                _k_msgq_list_end = .

k_mbox_area     0x00000000200008c0        0x0 load address 0x000000000800d56c
                0x00000000200008c0                _k_mbox_list_start = .
 *(SORT_BY_NAME(SORT_BY_ALIGNMENT(._k_mbox.static.*)))
                0x00000000200008c0                _k_mbox_list_end = .

k_pipe_area     0x00000000200008c0        0x0 load address 0x000000000800d56c
                0x00000000200008c0                _k_pipe_list_start = .
 *(SORT_BY_NAME(SORT_BY_ALIGNMENT(._k_pipe.static.*)))